 HwidTool

 Timestamp is 6a57e56c (Wed Jul 15 21:54:20 2026)

 Preferred load address is 0000000140000000

 Start         Length     Name                   Class
 0001:00000000 0002fe17H .text                   CODE
 0001:0002fe18 0000127bH .text$mn                CODE
 0001:000310a0 00000036H .text$mn$00             CODE
 0001:000310d6 00000036H .text$x                 CODE
 0002:00000000 0000da00H .rdata                  DATA
 0002:0000da00 00000074H .rdata$r                DATA
 0002:0000db58 00000038H .00cfg                  DATA
 0002:0000db90 00000008H .CRT$XCA                DATA
 0002:0000db98 00000008H .CRT$XCAA               DATA
 0002:0000dba0 00000008H .CRT$XCZ                DATA
 0002:0000dba8 00000008H .CRT$XIA                DATA
 0002:0000dbb0 00000008H .CRT$XIAA               DATA
 0002:0000dbb8 00000008H .CRT$XIAC               DATA
 0002:0000dbc0 00000008H .CRT$XIZ                DATA
 0002:0000dbc8 00000008H .CRT$XPA                DATA
 0002:0000dbd0 00000008H .CRT$XPZ                DATA
 0002:0000dbd8 00000008H .CRT$XTA                DATA
 0002:0000dbe0 00000008H .CRT$XTZ                DATA
 0002:0000efb8 00000008H .rtc$IAA                DATA
 0002:0000efc0 00000008H .rtc$IZZ                DATA
 0002:0000efc8 00000008H .rtc$TAA                DATA
 0002:0000efd0 00000008H .rtc$TZZ                DATA
 0002:0000efd8 00000290H .xdata                  DATA
 0002:0000f268 000000ecH .xdata$x                DATA
 0003:00000000 00009264H .data                   DATA
 0003:00009268 00000020H .data$rs                DATA
 0003:00009288 0000647cH .bss                    DATA
 0004:00000000 00001a58H .pdata                  DATA
 0005:00000000 00000058H .rsrc$01                DATA
 0005:00000060 00000178H .rsrc$02                DATA

  Address         Publics by Value              Rva+Base               Lib:Object

 0000:00000000       __AbsoluteZero             0000000000000000     <absolute>
 0000:00000000       __guard_fids_table         0000000000000000     <absolute>
 0000:00000000       __guard_fids_count         0000000000000000     <absolute>
 0000:00000000       __guard_flags              0000000000000000     <absolute>
 0000:00000000       __guard_iat_table          0000000000000000     <absolute>
 0000:00000000       __guard_iat_count          0000000000000000     <absolute>
 0000:00000000       __guard_longjmp_table      0000000000000000     <absolute>
 0000:00000000       __guard_longjmp_count      0000000000000000     <absolute>
 0000:00000000       __enclave_config           0000000000000000     <absolute>
 0000:00000000       __guard_eh_cont_table      0000000000000000     <absolute>
 0000:00000000       __guard_eh_cont_count      0000000000000000     <absolute>
 0000:00000000       __AbsoluteZero             0000000000000000     <absolute>
 0000:00000003       @vol.md                    0000000000000003     <absolute>
 0000:00000003       @vol.md                    0000000000000003     <absolute>
 0000:00000003       @vol.md                    0000000000000003     <absolute>
 0000:00000003       @vol.md                    0000000000000003     <absolute>
 0000:00000003       @vol.md                    0000000000000003     <absolute>
 0000:00000003       @vol.md                    0000000000000003     <absolute>
 0000:00000003       @vol.md                    0000000000000003     <absolute>
 0000:00000003       @vol.md                    0000000000000003     <absolute>
 0000:00000003       @vol.md                    0000000000000003     <absolute>
 0000:00000003       @vol.md                    0000000000000003     <absolute>
 0000:00000003       @vol.md                    0000000000000003     <absolute>
 0000:00000003       @vol.md                    0000000000000003     <absolute>
 0000:00000003       @vol.md                    0000000000000003     <absolute>
 0000:00000003       @vol.md                    0000000000000003     <absolute>
 0000:00000003       @vol.md                    0000000000000003     <absolute>
 0000:00000003       @vol.md                    0000000000000003     <absolute>
 0000:00000003       @vol.md                    0000000000000003     <absolute>
 0000:00000003       @vol.md                    0000000000000003     <absolute>
 0000:00000003       @vol.md                    0000000000000003     <absolute>
 0000:00000003       @vol.md                    0000000000000003     <absolute>
 0000:00000003       @vol.md                    0000000000000003     <absolute>
 0000:00000003       @vol.md                    0000000000000003     <absolute>
 0000:00000003       @vol.md                    0000000000000003     <absolute>
 0000:00000003       @vol.md                    0000000000000003     <absolute>
 0000:00000003       @vol.md                    0000000000000003     <absolute>
 0000:00000003       @vol.md                    0000000000000003     <absolute>
 0000:00000003       @vol.md                    0000000000000003     <absolute>
 0000:00000003       @vol.md                    0000000000000003     <absolute>
 0000:00000003       @vol.md                    0000000000000003     <absolute>
 0000:00000003       @vol.md                    0000000000000003     <absolute>
 0000:00000003       @vol.md                    0000000000000003     <absolute>
 0000:00000003       @vol.md                    0000000000000003     <absolute>
 0000:00000003       @vol.md                    0000000000000003     <absolute>
 0000:00000003       @vol.md                    0000000000000003     <absolute>
 0000:00000003       @vol.md                    0000000000000003     <absolute>
 0000:00000000       __ImageBase                0000000140000000     <linker-defined>
 0001:00000000       main                       0000000140001000 f   master_main.obj
 0001:00000f20       printf                     0000000140001f20 f   master_main.obj
 0001:00001480       __local_stdio_printf_options 0000000140002480 f   master_main.obj
 0001:00004620       ?DriverSpoofer_Connect@@YA_NXZ 0000000140005620 f   spoofer_driver_client.obj
 0001:000046d0       ?DriverSpoofer_Disconnect@@YAXXZ 00000001400056d0 f   spoofer_driver_client.obj
 0001:00004700       ?DriverSpoofer_SendOffsets@@YA_NAEBU_SPOOFER_OFFSETS_INPUT@@AEBU_SPOOFER_NDIS_OFFSETS_INPUT@@AEBU_SPOOFER_KNOWN_MACS_INPUT@@AEBU_SPOOFER_STORPORT_OFFSETS_INPUT@@AEBU_SPOOFER_TPM_OFFSETS_INPUT@@@Z 0000000140005700 f   spoofer_driver_client.obj
 0001:00004c30       ?DriverSpoofer_GetStatus@@YA?AUDriverSpooferStatus@@XZ 0000000140005c30 f   spoofer_driver_client.obj
 0001:00004ef0       ?RunDriverSpoofer@@YA_NXZ  0000000140005ef0 f   spoofer_driver_client.obj
 0001:00005ff0       ?ResolveOffsetsForCurrentBuild@@YA_NAEAUOffsetData@@@Z 0000000140006ff0 f   spoofer_driver_client.obj
 0001:000062a0       ?UninstallDriverSpoofer@@YA_NXZ 00000001400072a0 f   spoofer_driver_client.obj
 0001:000072d0       ?GetLastSpooferStatus@@YAAEBUSpooferStatus@@XZ 00000001400082d0 f   spoofer_registry.obj
 0001:000072e0       ?RunSpoofer@@YA_NXZ        00000001400082e0 f   spoofer_registry.obj
 0001:00012c10       ?find@?$basic_string@DU?$char_traits@D@std@@V?$allocator@D@2@@std@@QEBA_KQEBD_K@Z 0000000140013c10 f   spoofer_registry.obj
 0001:00012cd0       ??$_Construct@$00PEBD@?$basic_string@DU?$char_traits@D@std@@V?$allocator@D@2@@std@@AEAAXQEBD_K@Z 0000000140013cd0 f   spoofer_registry.obj
 0001:00012fa0       ?_Xlen_string@std@@YAXXZ   0000000140013fa0 f   spoofer_registry.obj
 0001:00012fd0       ??_Gbad_array_new_length@std@@UEAAPEAXI@Z 0000000140013fd0 f   spoofer_registry.obj
 0001:00012fd0       ??_Gbad_array_new_length@std@@UEAAPEAXI@Z 0000000140013fd0 f   spoofer_registry.obj
 0001:00013020       ?what@exception@std@@UEBAPEBDXZ 0000000140014020 f   spoofer_registry.obj
 0001:00013060       ??_Gbad_alloc@std@@UEAAPEAXI@Z 0000000140014060 f   spoofer_registry.obj
 0001:00013060       ??_Gbad_alloc@std@@UEAAPEAXI@Z 0000000140014060 f   spoofer_registry.obj
 0001:000130b0       ??_Gexception@std@@UEAAPEAXI@Z 00000001400140b0 f   spoofer_registry.obj
 0001:000130b0       ??_Gexception@std@@UEAAPEAXI@Z 00000001400140b0 f   spoofer_registry.obj
 0001:00020170       ?CleanGame@@YAXXZ          0000000140021170 f   cleaner.obj
 0001:00020c90       snprintf                   0000000140021c90 f   cleaner.obj
 0001:0002e1a0       ?ResolveOffsetsViaPDB@@YA_NAEAUOffsetData@@@Z 000000014002f1a0 f   pdb_resolver.obj
 0001:0002fe18       ??2@YAPEAX_K@Z             0000000140030e18 f   msvcrt:new_scalar.obj
 0001:0002fe54       ??3@YAXPEAX@Z              0000000140030e54 f   msvcrt:delete_scalar.obj
 0001:0002fe5c       ??3@YAXPEAX_K@Z            0000000140030e5c f   msvcrt:delete_scalar_size.obj
 0001:0002fe64       ??_Gtype_info@@UEAAPEAXI@Z 0000000140030e64 f   msvcrt:std_type_info_static.obj
 0001:0002fe64       ??_Gtype_info@@UEAAPEAXI@Z 0000000140030e64 f   msvcrt:std_type_info_static.obj
 0001:0002fea0       __chkstk                   0000000140030ea0 f   msvcrt:chkstk.obj
 0001:0002fea0       _alloca_probe              0000000140030ea0 f   msvcrt:chkstk.obj
 0001:0002fff0       __std_search_1             0000000140030ff0 f   msvcprt:vector_algorithms.obj
 0001:000301ec       ??0exception@std@@QEAA@AEBV01@@Z 00000001400311ec f   msvcrt:throw_bad_alloc.obj
 0001:00030220       ??0bad_alloc@std@@QEAA@XZ  0000000140031220 f   msvcrt:throw_bad_alloc.obj
 0001:00030244       ??0bad_alloc@std@@QEAA@AEBV01@@Z 0000000140031244 f   msvcrt:throw_bad_alloc.obj
 0001:00030280       ??0bad_array_new_length@std@@QEAA@XZ 0000000140031280 f   msvcrt:throw_bad_alloc.obj
 0001:000302a4       ??1bad_alloc@std@@UEAA@XZ  00000001400312a4 f   msvcrt:throw_bad_alloc.obj
 0001:000302a4       ??1bad_array_new_length@std@@UEAA@XZ 00000001400312a4 f   msvcrt:throw_bad_alloc.obj
 0001:000302b8       ??0bad_array_new_length@std@@QEAA@AEBV01@@Z 00000001400312b8 f   msvcrt:throw_bad_alloc.obj
 0001:000302f4       ?__scrt_throw_std_bad_alloc@@YAXXZ 00000001400312f4 f   msvcrt:throw_bad_alloc.obj
 0001:00030314       ?__scrt_throw_std_bad_array_new_length@@YAXXZ 0000000140031314 f   msvcrt:throw_bad_alloc.obj
 0001:00030334       __GSHandlerCheckCommon     0000000140031334 f   msvcrt:gshandler.obj
 0001:00030394       __GSHandlerCheck           0000000140031394 f   msvcrt:gshandler.obj
 0001:000303d0       __security_check_cookie    00000001400313d0 f   msvcrt:amdsecgs.obj
 0001:000303f0       __isa_available_init       00000001400313f0 f   msvcrt:cpu_disp.obj
 0001:00030688       __report_gsfailure         0000000140031688 f   msvcrt:gs_report.obj
 0001:000307d0       __raise_securityfailure    00000001400317d0 f   msvcrt:gs_report.obj
 0001:00030a64       mainCRTStartup             0000000140031a64 f   msvcrt:exe_main.obj
 0001:00030a78       atexit                     0000000140031a78 f   msvcrt:utility.obj
 0001:00030a90       _onexit                    0000000140031a90 f   msvcrt:utility.obj
 0001:00030acc       __scrt_is_nonwritable_in_current_image 0000000140031acc f   msvcrt:utility.obj
 0001:00030b64       __scrt_acquire_startup_lock 0000000140031b64 f   msvcrt:utility.obj
 0001:00030ba0       __scrt_release_startup_lock 0000000140031ba0 f   msvcrt:utility.obj
 0001:00030bc4       __scrt_initialize_crt      0000000140031bc4 f   msvcrt:utility.obj
 0001:00030c00       __scrt_uninitialize_crt    0000000140031c00 f   msvcrt:utility.obj
 0001:00030c2c       __scrt_initialize_onexit_tables 0000000140031c2c f   msvcrt:utility.obj
 0001:00030cb8       __security_init_cookie     0000000140031cb8 f   msvcrt:gs_support.obj
 0001:00030d68       _get_startup_argv_mode     0000000140031d68 f   msvcrt:argv_mode.obj
 0001:00030d70       _get_startup_file_mode     0000000140031d70 f   msvcrt:file_mode.obj
 0001:00030d78       ?__scrt_initialize_type_info@@YAXXZ 0000000140031d78 f   msvcrt:tncleanup.obj
 0001:00030d88       _initialize_invalid_parameter_handler 0000000140031d88 f   msvcrt:invalid_parameter_handler.obj
 0001:00030d88       _initialize_denormal_control 0000000140031d88 f   msvcrt:denormal_control.obj
 0001:00030d8c       __scrt_initialize_default_local_stdio_options 0000000140031d8c f   msvcrt:default_local_stdio_options.obj
 0001:00030da8       __local_stdio_scanf_options 0000000140031da8 f   msvcrt:default_local_stdio_options.obj
 0001:00030db0       __scrt_is_user_matherr_present 0000000140031db0 f   msvcrt:matherr_detection.obj
 0001:00030dbc       __scrt_get_dyn_tls_init_callback 0000000140031dbc f   msvcrt:dyn_tls_init.obj
 0001:00030dc4       __scrt_get_dyn_tls_dtor_callback 0000000140031dc4 f   msvcrt:dyn_tls_dtor.obj
 0001:00030dcc       __crt_debugger_hook        0000000140031dcc f   msvcrt:utility_desktop.obj
 0001:00030dd8       __scrt_is_managed_app      0000000140031dd8 f   msvcrt:utility_desktop.obj
 0001:00030e2c       _matherr                   0000000140031e2c f   msvcrt:matherr.obj
 0001:00030e2c       _get_startup_commit_mode   0000000140031e2c f   msvcrt:commit_mode.obj
 0001:00030e2c       _get_startup_new_mode      0000000140031e2c f   msvcrt:new_mode.obj
 0001:00030e2c       _get_startup_thread_locale_mode 0000000140031e2c f   msvcrt:thread_locale.obj
 0001:00030e2c       __scrt_initialize_winrt    0000000140031e2c f   msvcrt:utility_desktop.obj
 0001:00030e2c       __scrt_stub_for_initialize_mta 0000000140031e2c f   msvcrt:utility_desktop.obj
 0001:00030e2c       __scrt_stub_for_initialize_mta 0000000140031e2c f   msvcrt:utility_desktop.obj
 0001:00030e30       __scrt_initialize_mta      0000000140031e30 f   msvcrt:utility_desktop.obj
 0001:00030e38       __scrt_set_unhandled_exception_filter 0000000140031e38 f   msvcrt:utility_desktop.obj
 0001:00030e48       __scrt_fastfail            0000000140031e48 f   msvcrt:utility_desktop.obj
 0001:00030f94       __scrt_unhandled_exception_filter 0000000140031f94 f   msvcrt:utility_desktop.obj
 0001:00030ff8       _RTC_Initialize            0000000140031ff8 f   msvcrt:initsect.obj
 0001:00031034       _RTC_Terminate             0000000140032034 f   msvcrt:initsect.obj
 0001:00031070       __scrt_is_ucrt_dll_in_use  0000000140032070 f   msvcrt:ucrt_detection.obj
 0001:00031080       _guard_check_icall_nop     0000000140032080 f   odbccp32:guard_check.obj
 0001:00031090       _should_initialize_environment 0000000140032090 f   msvcrt:env_mode.obj
 0001:00031090       __scrt_stub_for_acrt_initialize 0000000140032090 f   msvcrt:ucrt_stubs.obj
 0001:00031090       __scrt_stub_for_acrt_uninitialize 0000000140032090 f   msvcrt:ucrt_stubs.obj
 0001:00031090       __scrt_stub_for_acrt_initialize 0000000140032090 f   msvcrt:ucrt_stubs.obj
 0001:00031090       __scrt_stub_for_acrt_uninitialize 0000000140032090 f   msvcrt:ucrt_stubs.obj
 0001:00031090       __scrt_stub_for_acrt_initialize 0000000140032090 f   msvcrt:ucrt_stubs.obj
 0001:00031090       __scrt_stub_for_acrt_uninitialize 0000000140032090 f   msvcrt:ucrt_stubs.obj
 0001:000310b0       _guard_dispatch_icall_nop  00000001400320b0 f   odbccp32:guard_dispatch.obj
 0001:000310d0       _guard_xfg_dispatch_icall_nop 00000001400320d0 f   odbccp32:guard_xfg_dispatch.obj
 0001:00031110       ?_Xlength_error@std@@YAXPEBD@Z 0000000140032110     msvcprt:MSVCP140.dll
 0001:00031120       _CxxThrowException         0000000140032120     vcruntime:VCRUNTIME140.dll
 0001:00031130       __C_specific_handler       0000000140032130     vcruntime:VCRUNTIME140.dll
 0001:00031140       __current_exception        0000000140032140     vcruntime:VCRUNTIME140.dll
 0001:00031150       __current_exception_context 0000000140032150     vcruntime:VCRUNTIME140.dll
 0001:00031160       __std_exception_copy       0000000140032160     vcruntime:VCRUNTIME140.dll
 0001:00031170       __std_exception_destroy    0000000140032170     vcruntime:VCRUNTIME140.dll
 0001:00031180       memcmp                     0000000140032180     vcruntime:VCRUNTIME140.dll
 0001:00031190       memcpy                     0000000140032190     vcruntime:VCRUNTIME140.dll
 0001:000311a0       memset                     00000001400321a0     vcruntime:VCRUNTIME140.dll
 0001:000311b0       strstr                     00000001400321b0     vcruntime:VCRUNTIME140.dll
 0001:000311c0       free                       00000001400321c0     ucrt:api-ms-win-crt-heap-l1-1-0.dll
 0001:000311d0       malloc                     00000001400321d0     ucrt:api-ms-win-crt-heap-l1-1-0.dll
 0001:000311e0       __p___argc                 00000001400321e0     ucrt:api-ms-win-crt-runtime-l1-1-0.dll
 0001:000311f0       __p___argv                 00000001400321f0     ucrt:api-ms-win-crt-runtime-l1-1-0.dll
 0001:00031200       __p__commode               0000000140032200     ucrt:api-ms-win-crt-stdio-l1-1-0.dll
 0001:00031210       __setusermatherr           0000000140032210     ucrt:api-ms-win-crt-math-l1-1-0.dll
 0001:00031220       _c_exit                    0000000140032220     ucrt:api-ms-win-crt-runtime-l1-1-0.dll
 0001:00031230       _callnewh                  0000000140032230     ucrt:api-ms-win-crt-heap-l1-1-0.dll
 0001:00031240       _cexit                     0000000140032240     ucrt:api-ms-win-crt-runtime-l1-1-0.dll
 0001:00031250       _configthreadlocale        0000000140032250     ucrt:api-ms-win-crt-locale-l1-1-0.dll
 0001:00031260       _configure_narrow_argv     0000000140032260     ucrt:api-ms-win-crt-runtime-l1-1-0.dll
 0001:00031270       _crt_atexit                0000000140032270     ucrt:api-ms-win-crt-runtime-l1-1-0.dll
 0001:00031280       _exit                      0000000140032280     ucrt:api-ms-win-crt-runtime-l1-1-0.dll
 0001:00031290       _get_initial_narrow_environment 0000000140032290     ucrt:api-ms-win-crt-runtime-l1-1-0.dll
 0001:000312a0       _initialize_narrow_environment 00000001400322a0     ucrt:api-ms-win-crt-runtime-l1-1-0.dll
 0001:000312b0       _initialize_onexit_table   00000001400322b0     ucrt:api-ms-win-crt-runtime-l1-1-0.dll
 0001:000312c0       _initterm                  00000001400322c0     ucrt:api-ms-win-crt-runtime-l1-1-0.dll
 0001:000312d0       _initterm_e                00000001400322d0     ucrt:api-ms-win-crt-runtime-l1-1-0.dll
 0001:000312e0       _register_onexit_function  00000001400322e0     ucrt:api-ms-win-crt-runtime-l1-1-0.dll
 0001:000312f0       _register_thread_local_exe_atexit_callback 00000001400322f0     ucrt:api-ms-win-crt-runtime-l1-1-0.dll
 0001:00031300       _seh_filter_exe            0000000140032300     ucrt:api-ms-win-crt-runtime-l1-1-0.dll
 0001:00031310       _set_app_type              0000000140032310     ucrt:api-ms-win-crt-runtime-l1-1-0.dll
 0001:00031320       _set_fmode                 0000000140032320     ucrt:api-ms-win-crt-stdio-l1-1-0.dll
 0001:00031330       _set_new_mode              0000000140032330     ucrt:api-ms-win-crt-heap-l1-1-0.dll
 0001:00031340       exit                       0000000140032340     ucrt:api-ms-win-crt-runtime-l1-1-0.dll
 0001:00031350       putchar                    0000000140032350     ucrt:api-ms-win-crt-stdio-l1-1-0.dll
 0001:00031360       puts                       0000000140032360     ucrt:api-ms-win-crt-stdio-l1-1-0.dll
 0001:00031370       strlen                     0000000140032370     ucrt:api-ms-win-crt-string-l1-1-0.dll
 0001:00031380       terminate                  0000000140032380     ucrt:api-ms-win-crt-runtime-l1-1-0.dll
 0002:000046b8       ??_7bad_array_new_length@std@@6B@ 00000001400376b8     spoofer_registry.obj
 0002:000046d0       ??_R4bad_array_new_length@std@@6B@ 00000001400376d0     spoofer_registry.obj
 0002:000046e8       ??_R3bad_array_new_length@std@@8 00000001400376e8     spoofer_registry.obj
 0002:000046f8       ??_R2bad_array_new_length@std@@8 00000001400376f8     spoofer_registry.obj
 0002:00004710       ??_R1A@?0A@EA@bad_array_new_length@std@@8 0000000140037710     spoofer_registry.obj
 0002:00004730       ??_R1A@?0A@EA@bad_alloc@std@@8 0000000140037730     spoofer_registry.obj
 0002:00004750       ??_R3bad_alloc@std@@8      0000000140037750     spoofer_registry.obj
 0002:00004760       ??_R2bad_alloc@std@@8      0000000140037760     spoofer_registry.obj
 0002:00004770       ??_R1A@?0A@EA@exception@std@@8 0000000140037770     spoofer_registry.obj
 0002:00004790       ??_R3exception@std@@8      0000000140037790     spoofer_registry.obj
 0002:000047a0       ??_R2exception@std@@8      00000001400377a0     spoofer_registry.obj
 0002:000047b8       ??_7bad_alloc@std@@6B@     00000001400377b8     spoofer_registry.obj
 0002:000047d0       ??_R4bad_alloc@std@@6B@    00000001400377d0     spoofer_registry.obj
 0002:000047f8       ??_7exception@std@@6B@     00000001400377f8     spoofer_registry.obj
 0002:00004810       ??_R4exception@std@@6B@    0000000140037810     spoofer_registry.obj
 0002:0000b368       ??_7type_info@@6B@         000000014003e368     msvcrt:std_type_info_static.obj
 0002:0000d8a0       __xmm@ffffffffffffffffffffffffffffffff 00000001400408a0     msvcprt:vector_algorithms.obj
 0002:0000d8c0       _load_config_used          00000001400408c0     msvcrt:loadcfg.obj
 0002:0000da00       ??_R4type_info@@6B@        0000000140040a00     msvcrt:std_type_info_static.obj
 0002:0000da28       ??_R3type_info@@8          0000000140040a28     msvcrt:std_type_info_static.obj
 0002:0000da40       ??_R2type_info@@8          0000000140040a40     msvcrt:std_type_info_static.obj
 0002:0000da50       ??_R1A@?0A@EA@type_info@@8 0000000140040a50     msvcrt:std_type_info_static.obj
 0002:0000da74       ??_C@_1CE@PKGKOBLL@?$AA?2?$AAd?$AAr?$AAi?$AAv?$AAe?$AAr?$AAs?$AA?2?$AAn?$AAd?$AAi?$AAs?$AA?4?$AAs?$AAy?$AAs?$AA?$AA@ 0000000140040a74     pdb_resolver.obj
 0002:0000da98       ??_C@_1CM@KFKMPLJC@?$AA?2?$AAd?$AAr?$AAi?$AAv?$AAe?$AAr?$AAs?$AA?2?$AAs?$AAt?$AAo?$AAr?$AAn?$AAv?$AAm?$AAe?$AA?4?$AAs?$AAy?$AAs?$AA?$AA@ 0000000140040a98     pdb_resolver.obj
 0002:0000dac4       ??_C@_1CC@KILKJMNK@?$AA?2?$AA?2?$AA?4?$AA?2?$AAW?$AAd?$AAm?$AAP?$AAn?$AAp?$AAB?$AAr?$AAo?$AAk?$AAe?$AAr?$AA?$AA@ 0000000140040ac4     spoofer_driver_client.obj
 0002:0000dae6       ??_C@_1BE@GJOFHIHD@?$AAn?$AAt?$AAd?$AAl?$AAl?$AA?4?$AAd?$AAl?$AAl?$AA?$AA@ 0000000140040ae6     spoofer_driver_client.obj
 0002:0000dafa       ??_C@_1BM@BJLKLMNL@?$AA?2?$AAn?$AAt?$AAo?$AAs?$AAk?$AAr?$AAn?$AAl?$AA?4?$AAe?$AAx?$AAe?$AA?$AA@ 0000000140040afa     pdb_resolver.obj
 0002:0000db16       ??_C@_1BE@OALGLELH@?$AA?2?$AA?2?$AA?4?$AA?2?$AAB?$AAf?$AAo?$AA6?$AA4?$AA?$AA@ 0000000140040b16     spoofer_registry.obj
 0002:0000db30       ??_C@_0P@GHFPNOJB@bad?5allocation@ 0000000140040b30     msvcrt:throw_bad_alloc.obj
 0002:0000db40       ??_C@_0BF@KINCDENJ@bad?5array?5new?5length@ 0000000140040b40     msvcrt:throw_bad_alloc.obj
 0002:0000db58       __guard_check_icall_fptr   0000000140040b58     odbccp32:guard_support.obj
 0002:0000db60       __guard_dispatch_icall_fptr 0000000140040b60     odbccp32:guard_support.obj
 0002:0000db68       __guard_xfg_check_icall_fptr 0000000140040b68     odbccp32:guard_support.obj
 0002:0000db70       __guard_xfg_dispatch_icall_fptr 0000000140040b70     odbccp32:guard_support.obj
 0002:0000db78       __guard_xfg_table_dispatch_icall_fptr 0000000140040b78     odbccp32:guard_support.obj
 0002:0000db80       __castguard_check_failure_os_handled_fptr 0000000140040b80     odbccp32:guard_support.obj
 0002:0000db88       __guard_memcpy_fptr        0000000140040b88     vcruntime:softmemtag.obj
 0002:0000db90       __xc_a                     0000000140040b90     msvcrt:initializers.obj
 0002:0000dba0       __xc_z                     0000000140040ba0     msvcrt:initializers.obj
 0002:0000dba8       __xi_a                     0000000140040ba8     msvcrt:initializers.obj
 0002:0000dbc0       __xi_z                     0000000140040bc0     msvcrt:initializers.obj
 0002:0000dbc8       __xp_a                     0000000140040bc8     msvcrt:initializers.obj
 0002:0000dbd0       __xp_z                     0000000140040bd0     msvcrt:initializers.obj
 0002:0000dbd8       __xt_a                     0000000140040bd8     msvcrt:initializers.obj
 0002:0000dbe0       __xt_z                     0000000140040be0     msvcrt:initializers.obj
 0002:0000e180       __imp_CloseHandle          0000000140041180     kernel32:KERNEL32.dll
 0002:0000e188       __imp_CreateFileA          0000000140041188     kernel32:KERNEL32.dll
 0002:0000e190       __imp_CreateFileW          0000000140041190     kernel32:KERNEL32.dll
 0002:0000e198       __imp_CreatePipe           0000000140041198     kernel32:KERNEL32.dll
 0002:0000e1a0       __imp_CreateProcessA       00000001400411a0     kernel32:KERNEL32.dll
 0002:0000e1a8       __imp_DeleteFileA          00000001400411a8     kernel32:KERNEL32.dll
 0002:0000e1b0       __imp_DeviceIoControl      00000001400411b0     kernel32:KERNEL32.dll
 0002:0000e1b8       __imp_FillConsoleOutputAttribute 00000001400411b8     kernel32:KERNEL32.dll
 0002:0000e1c0       __imp_FillConsoleOutputCharacterA 00000001400411c0     kernel32:KERNEL32.dll
 0002:0000e1c8       __imp_FindClose            00000001400411c8     kernel32:KERNEL32.dll
 0002:0000e1d0       __imp_FindFirstFileA       00000001400411d0     kernel32:KERNEL32.dll
 0002:0000e1d8       __imp_FindNextFileA        00000001400411d8     kernel32:KERNEL32.dll
 0002:0000e1e0       __imp_GetConsoleMode       00000001400411e0     kernel32:KERNEL32.dll
 0002:0000e1e8       __imp_GetConsoleScreenBufferInfo 00000001400411e8     kernel32:KERNEL32.dll
 0002:0000e1f0       __imp_GetCurrentProcess    00000001400411f0     kernel32:KERNEL32.dll
 0002:0000e1f8       __imp_GetCurrentProcessId  00000001400411f8     kernel32:KERNEL32.dll
 0002:0000e200       __imp_GetCurrentThreadId   0000000140041200     kernel32:KERNEL32.dll
 0002:0000e208       __imp_GetEnvironmentVariableA 0000000140041208     kernel32:KERNEL32.dll
 0002:0000e210       __imp_GetLastError         0000000140041210     kernel32:KERNEL32.dll
 0002:0000e218       __imp_GetModuleHandleW     0000000140041218     kernel32:KERNEL32.dll
 0002:0000e220       __imp_GetProcAddress       0000000140041220     kernel32:KERNEL32.dll
 0002:0000e228       __imp_GetStdHandle         0000000140041228     kernel32:KERNEL32.dll
 0002:0000e230       __imp_GetSystemDirectoryW  0000000140041230     kernel32:KERNEL32.dll
 0002:0000e238       __imp_GetSystemTimeAsFileTime 0000000140041238     kernel32:KERNEL32.dll
 0002:0000e240       __imp_GetTempPathA         0000000140041240     kernel32:KERNEL32.dll
 0002:0000e248       __imp_GetTickCount64       0000000140041248     kernel32:KERNEL32.dll
 0002:0000e250       __imp_GetWindowsDirectoryA 0000000140041250     kernel32:KERNEL32.dll
 0002:0000e258       __imp_InitializeSListHead  0000000140041258     kernel32:KERNEL32.dll
 0002:0000e260       __imp_IsDebuggerPresent    0000000140041260     kernel32:KERNEL32.dll
 0002:0000e268       __imp_IsProcessorFeaturePresent 0000000140041268     kernel32:KERNEL32.dll
 0002:0000e270       __imp_QueryPerformanceCounter 0000000140041270     kernel32:KERNEL32.dll
 0002:0000e278       __imp_ReadFile             0000000140041278     kernel32:KERNEL32.dll
 0002:0000e280       __imp_RtlCaptureContext    0000000140041280     kernel32:KERNEL32.dll
 0002:0000e288       __imp_RtlLookupFunctionEntry 0000000140041288     kernel32:KERNEL32.dll
 0002:0000e290       __imp_RtlVirtualUnwind     0000000140041290     kernel32:KERNEL32.dll
 0002:0000e298       __imp_SetConsoleCursorPosition 0000000140041298     kernel32:KERNEL32.dll
 0002:0000e2a0       __imp_SetConsoleMode       00000001400412a0     kernel32:KERNEL32.dll
 0002:0000e2a8       __imp_SetConsoleTextAttribute 00000001400412a8     kernel32:KERNEL32.dll
 0002:0000e2b0       __imp_SetConsoleTitleA     00000001400412b0     kernel32:KERNEL32.dll
 0002:0000e2b8       __imp_SetHandleInformation 00000001400412b8     kernel32:KERNEL32.dll
 0002:0000e2c0       __imp_SetLastError         00000001400412c0     kernel32:KERNEL32.dll
 0002:0000e2c8       __imp_SetUnhandledExceptionFilter 00000001400412c8     kernel32:KERNEL32.dll
 0002:0000e2d0       __imp_Sleep                00000001400412d0     kernel32:KERNEL32.dll
 0002:0000e2d8       __imp_TerminateProcess     00000001400412d8     kernel32:KERNEL32.dll
 0002:0000e2e0       __imp_UnhandledExceptionFilter 00000001400412e0     kernel32:KERNEL32.dll
 0002:0000e2e8       __imp_WaitForSingleObject  00000001400412e8     kernel32:KERNEL32.dll
 0002:0000e2f0       __imp_WriteConsoleA        00000001400412f0     kernel32:KERNEL32.dll
 0002:0000e2f8       __imp_WriteFile            00000001400412f8     kernel32:KERNEL32.dll
 0002:0000e300       __imp_lstrcatA             0000000140041300     kernel32:KERNEL32.dll
 0002:0000e308       __imp_lstrcmpA             0000000140041308     kernel32:KERNEL32.dll
 0002:0000e310       __imp_lstrcpynA            0000000140041310     kernel32:KERNEL32.dll
 0002:0000e318       __imp_lstrlenA             0000000140041318     kernel32:KERNEL32.dll
 0002:0000e328       __imp_GetAdaptersInfo      0000000140041328     iphlpapi:IPHLPAPI.DLL
 0002:0000e338       __imp_wsprintfA            0000000140041338     user32:USER32.dll
 0002:0000e348       __imp_RegCloseKey          0000000140041348     advapi32:ADVAPI32.dll
 0002:0000e350       __imp_RegDeleteTreeA       0000000140041350     advapi32:ADVAPI32.dll
 0002:0000e358       __imp_RegDeleteValueA      0000000140041358     advapi32:ADVAPI32.dll
 0002:0000e360       __imp_RegEnumKeyA          0000000140041360     advapi32:ADVAPI32.dll
 0002:0000e368       __imp_RegEnumKeyExA        0000000140041368     advapi32:ADVAPI32.dll
 0002:0000e370       __imp_RegOpenKeyExA        0000000140041370     advapi32:ADVAPI32.dll
 0002:0000e378       __imp_RegQueryValueExA     0000000140041378     advapi32:ADVAPI32.dll
 0002:0000e380       __imp_RegSetValueExA       0000000140041380     advapi32:ADVAPI32.dll
 0002:0000e390       __imp_SymCleanup           0000000140041390     dbghelp:dbghelp.dll
 0002:0000e398       __imp_SymFromName          0000000140041398     dbghelp:dbghelp.dll
 0002:0000e3a0       __imp_SymInitialize        00000001400413a0     dbghelp:dbghelp.dll
 0002:0000e3a8       __imp_SymLoadModuleExW     00000001400413a8     dbghelp:dbghelp.dll
 0002:0000e3b0       __imp_SymSetOptions        00000001400413b0     dbghelp:dbghelp.dll
 0002:0000e3b8       __imp_SymUnloadModule64    00000001400413b8     dbghelp:dbghelp.dll
 0002:0000e3c8       __imp_?_Xlength_error@std@@YAXPEBD@Z 00000001400413c8     msvcprt:MSVCP140.dll
 0002:0000e3d8       __imp__CxxThrowException   00000001400413d8     vcruntime:VCRUNTIME140.dll
 0002:0000e3e0       __imp___C_specific_handler 00000001400413e0     vcruntime:VCRUNTIME140.dll
 0002:0000e3e8       __imp___current_exception  00000001400413e8     vcruntime:VCRUNTIME140.dll
 0002:0000e3f0       __imp___current_exception_context 00000001400413f0     vcruntime:VCRUNTIME140.dll
 0002:0000e3f8       __imp___std_exception_copy 00000001400413f8     vcruntime:VCRUNTIME140.dll
 0002:0000e400       __imp___std_exception_destroy 0000000140041400     vcruntime:VCRUNTIME140.dll
 0002:0000e408       __imp_memcmp               0000000140041408     vcruntime:VCRUNTIME140.dll
 0002:0000e410       __imp_memcpy               0000000140041410     vcruntime:VCRUNTIME140.dll
 0002:0000e418       __imp_memset               0000000140041418     vcruntime:VCRUNTIME140.dll
 0002:0000e420       __imp_strstr               0000000140041420     vcruntime:VCRUNTIME140.dll
 0002:0000e430       __imp___acrt_iob_func      0000000140041430     ucrt:api-ms-win-crt-stdio-l1-1-0.dll
 0002:0000e438       __imp___p__commode         0000000140041438     ucrt:api-ms-win-crt-stdio-l1-1-0.dll
 0002:0000e440       __imp___stdio_common_vfprintf 0000000140041440     ucrt:api-ms-win-crt-stdio-l1-1-0.dll
 0002:0000e448       __imp___stdio_common_vsprintf 0000000140041448     ucrt:api-ms-win-crt-stdio-l1-1-0.dll
 0002:0000e450       __imp__set_fmode           0000000140041450     ucrt:api-ms-win-crt-stdio-l1-1-0.dll
 0002:0000e458       __imp_fflush               0000000140041458     ucrt:api-ms-win-crt-stdio-l1-1-0.dll
 0002:0000e460       __imp_putchar              0000000140041460     ucrt:api-ms-win-crt-stdio-l1-1-0.dll
 0002:0000e468       __imp_puts                 0000000140041468     ucrt:api-ms-win-crt-stdio-l1-1-0.dll
 0002:0000e478       __imp__getch               0000000140041478     ucrt:api-ms-win-crt-conio-l1-1-0.dll
 0002:0000e488       __imp___p___argc           0000000140041488     ucrt:api-ms-win-crt-runtime-l1-1-0.dll
 0002:0000e490       __imp___p___argv           0000000140041490     ucrt:api-ms-win-crt-runtime-l1-1-0.dll
 0002:0000e498       __imp__c_exit              0000000140041498     ucrt:api-ms-win-crt-runtime-l1-1-0.dll
 0002:0000e4a0       __imp__cexit               00000001400414a0     ucrt:api-ms-win-crt-runtime-l1-1-0.dll
 0002:0000e4a8       __imp__configure_narrow_argv 00000001400414a8     ucrt:api-ms-win-crt-runtime-l1-1-0.dll
 0002:0000e4b0       __imp__crt_atexit          00000001400414b0     ucrt:api-ms-win-crt-runtime-l1-1-0.dll
 0002:0000e4b8       __imp__exit                00000001400414b8     ucrt:api-ms-win-crt-runtime-l1-1-0.dll
 0002:0000e4c0       __imp__get_initial_narrow_environment 00000001400414c0     ucrt:api-ms-win-crt-runtime-l1-1-0.dll
 0002:0000e4c8       __imp__initialize_narrow_environment 00000001400414c8     ucrt:api-ms-win-crt-runtime-l1-1-0.dll
 0002:0000e4d0       __imp__initialize_onexit_table 00000001400414d0     ucrt:api-ms-win-crt-runtime-l1-1-0.dll
 0002:0000e4d8       __imp__initterm            00000001400414d8     ucrt:api-ms-win-crt-runtime-l1-1-0.dll
 0002:0000e4e0       __imp__initterm_e          00000001400414e0     ucrt:api-ms-win-crt-runtime-l1-1-0.dll
 0002:0000e4e8       __imp__invoke_watson       00000001400414e8     ucrt:api-ms-win-crt-runtime-l1-1-0.dll
 0002:0000e4f0       __imp__register_onexit_function 00000001400414f0     ucrt:api-ms-win-crt-runtime-l1-1-0.dll
 0002:0000e4f8       __imp__register_thread_local_exe_atexit_callback 00000001400414f8     ucrt:api-ms-win-crt-runtime-l1-1-0.dll
 0002:0000e500       __imp__seh_filter_exe      0000000140041500     ucrt:api-ms-win-crt-runtime-l1-1-0.dll
 0002:0000e508       __imp__set_app_type        0000000140041508     ucrt:api-ms-win-crt-runtime-l1-1-0.dll
 0002:0000e510       __imp_exit                 0000000140041510     ucrt:api-ms-win-crt-runtime-l1-1-0.dll
 0002:0000e518       __imp_system               0000000140041518     ucrt:api-ms-win-crt-runtime-l1-1-0.dll
 0002:0000e520       __imp_terminate            0000000140041520     ucrt:api-ms-win-crt-runtime-l1-1-0.dll
 0002:0000e530       __imp_atoi                 0000000140041530     ucrt:api-ms-win-crt-convert-l1-1-0.dll
 0002:0000e540       __imp__callnewh            0000000140041540     ucrt:api-ms-win-crt-heap-l1-1-0.dll
 0002:0000e548       __imp__set_new_mode        0000000140041548     ucrt:api-ms-win-crt-heap-l1-1-0.dll
 0002:0000e550       __imp_free                 0000000140041550     ucrt:api-ms-win-crt-heap-l1-1-0.dll
 0002:0000e558       __imp_malloc               0000000140041558     ucrt:api-ms-win-crt-heap-l1-1-0.dll
 0002:0000e568       __imp_rand                 0000000140041568     ucrt:api-ms-win-crt-utility-l1-1-0.dll
 0002:0000e578       __imp_strlen               0000000140041578     ucrt:api-ms-win-crt-string-l1-1-0.dll
 0002:0000e580       __imp_strncpy_s            0000000140041580     ucrt:api-ms-win-crt-string-l1-1-0.dll
 0002:0000e588       __imp_tolower              0000000140041588     ucrt:api-ms-win-crt-string-l1-1-0.dll
 0002:0000e590       __imp_wcscat_s             0000000140041590     ucrt:api-ms-win-crt-string-l1-1-0.dll
 0002:0000e5a0       __imp___setusermatherr     00000001400415a0     ucrt:api-ms-win-crt-math-l1-1-0.dll
 0002:0000e5b0       __imp__configthreadlocale  00000001400415b0     ucrt:api-ms-win-crt-locale-l1-1-0.dll
 0002:0000efb8       __rtc_iaa                  0000000140041fb8     msvcrt:initsect.obj
 0002:0000efc0       __rtc_izz                  0000000140041fc0     msvcrt:initsect.obj
 0002:0000efc8       __rtc_taa                  0000000140041fc8     msvcrt:initsect.obj
 0002:0000efd0       __rtc_tzz                  0000000140041fd0     msvcrt:initsect.obj
 0002:0000f268       _TI2?AVbad_alloc@std@@     0000000140042268     msvcrt:throw_bad_alloc.obj
 0002:0000f288       _CTA2?AVbad_alloc@std@@    0000000140042288     msvcrt:throw_bad_alloc.obj
 0002:0000f2a0       _CT??_R0?AVbad_alloc@std@@@8??0bad_alloc@std@@QEAA@AEBV01@@Z24 00000001400422a0     msvcrt:throw_bad_alloc.obj
 0002:0000f2c8       _CT??_R0?AVexception@std@@@8??0exception@std@@QEAA@AEBV01@@Z24 00000001400422c8     msvcrt:throw_bad_alloc.obj
 0002:0000f2f0       _TI3?AVbad_array_new_length@std@@ 00000001400422f0     msvcrt:throw_bad_alloc.obj
 0002:0000f310       _CTA3?AVbad_array_new_length@std@@ 0000000140042310     msvcrt:throw_bad_alloc.obj
 0002:0000f330       _CT??_R0?AVbad_array_new_length@std@@@8??0bad_array_new_length@std@@QEAA@AEBV01@@Z24 0000000140042330     msvcrt:throw_bad_alloc.obj
 0003:00004f80       ??_R0?AVbad_array_new_length@std@@@8 0000000140047f80     spoofer_registry.obj
 0003:00004fb0       ??_R0?AVbad_alloc@std@@@8  0000000140047fb0     spoofer_registry.obj
 0003:00004fe0       ??_R0?AVexception@std@@@8  0000000140047fe0     spoofer_registry.obj
 0003:000091c0       __isa_inverted             000000014004c1c0     msvcrt:cpu_disp.obj
 0003:000091c8       __isa_available            000000014004c1c8     msvcrt:cpu_disp.obj
 0003:000091cc       __isa_enabled              000000014004c1cc     msvcrt:cpu_disp.obj
 0003:000091d0       __memset_fast_string_threshold 000000014004c1d0     msvcrt:cpu_disp.obj
 0003:000091d8       __memset_nt_threshold      000000014004c1d8     msvcrt:cpu_disp.obj
 0003:00009200       __security_cookie          000000014004c200     msvcrt:gs_cookie.obj
 0003:00009240       __security_cookie_complement 000000014004c240     msvcrt:gs_cookie.obj
 0003:00009248       _fltused                   000000014004c248     msvcrt:fltused.obj
 0003:0000924c       __scrt_native_dllmain_reason 000000014004c24c     msvcrt:utility.obj
 0003:00009250       __scrt_default_matherr     000000014004c250     msvcrt:matherr.obj
 0003:00009260       __scrt_ucrt_dll_is_in_use  000000014004c260     msvcrt:ucrt_stubs.obj
 0003:00009268       ??_R0?AVtype_info@@@8      000000014004c268     msvcrt:std_type_info_static.obj
 0003:000099f8       ?_OptionsStorage@?1??__local_stdio_printf_options@@9@4_KA 000000014004c9f8     master_main.obj
 0003:0000f108       __avx10_version            0000000140052108     msvcrt:cpu_disp.obj
 0003:0000f10c       __favor                    000000014005210c     msvcrt:cpu_disp.obj
 0003:0000f680       __scrt_current_native_startup_state 0000000140052680     msvcrt:utility.obj
 0003:0000f688       __scrt_native_startup_lock 0000000140052688     msvcrt:utility.obj
 0003:0000f6d0       ?__type_info_root_node@@3U__type_info_node@@A 00000001400526d0     msvcrt:tncleanup.obj
 0003:0000f6e0       ?_OptionsStorage@?1??__local_stdio_scanf_options@@9@4_KA 00000001400526e0     msvcrt:default_local_stdio_options.obj
 0000:00000000       __dyn_tls_init_callback    00000001400526f0     <common>
 0000:00000000       __dyn_tls_dtor_callback    00000001400526f8     <common>
 0003:0000f700       __scrt_debugger_hook_flag  0000000140052700     msvcrt:utility_desktop.obj

 entry point at         0001:00030a64

 Static symbols

 0000:00000000       __guard_fids__             0000000140000000     msvcrt:std_type_info_static.obj
 0000:00000000       __guard_fids__             0000000140000000     msvcrt:exe_main.obj
 0000:00000000       __guard_fids_?pre_c_initialization@@YAHXZ 0000000140000000     msvcrt:exe_main.obj
 0000:00000000       __guard_ehcont_?__scrt_common_main_seh@@YAHXZ 0000000140000000     msvcrt:exe_main.obj
 0000:00000000       __guard_ehcont___scrt_is_nonwritable_in_current_image 0000000140000000     msvcrt:utility.obj
 0000:00000000       __guard_fids___scrt_set_unhandled_exception_filter 0000000140000000     msvcrt:utility_desktop.obj
 0000:00000000       __guard_fids__             0000000140000000     odbccp32:guard_support.obj
 0000:00000000       __guard_fids__             0000000140000000     odbccp32:guard_support.obj
 0000:00000000       __guard_fids__             0000000140000000     vcruntime:softmemtag.obj
 0000:00000004       __guard_fids__             0000000140000004     msvcrt:exe_main.obj
 0000:00000008       __guard_fids__             0000000140000008     msvcrt:exe_main.obj
 0001:00000fd0       ?DoSpoof@@YAXXZ            0000000140001fd0 f   master_main.obj
 0001:000012b0       ?DoClean@@YAXXZ            00000001400022b0 f   master_main.obj
 0001:00001490       goron_decrypt_string_0     0000000140002490 f   master_main.obj
 0001:000015a0       goron_decrypt_string_1     00000001400025a0 f   master_main.obj
 0001:00001680       goron_decrypt_string_2     0000000140002680 f   master_main.obj
 0001:00001770       goron_decrypt_string_3     0000000140002770 f   master_main.obj
 0001:00001860       goron_decrypt_string_4     0000000140002860 f   master_main.obj
 0001:00001960       goron_decrypt_string_5     0000000140002960 f   master_main.obj
 0001:00001a60       goron_decrypt_string_6     0000000140002a60 f   master_main.obj
 0001:00001b60       goron_decrypt_string_7     0000000140002b60 f   master_main.obj
 0001:00001c50       goron_decrypt_string_8     0000000140002c50 f   master_main.obj
 0001:00001d40       goron_decrypt_string_9     0000000140002d40 f   master_main.obj
 0001:00001e40       goron_decrypt_string_a     0000000140002e40 f   master_main.obj
 0001:00001f30       goron_decrypt_string_b     0000000140002f30 f   master_main.obj
 0001:00002030       goron_decrypt_string_c     0000000140003030 f   master_main.obj
 0001:00002130       goron_decrypt_string_d     0000000140003130 f   master_main.obj
 0001:00002210       goron_decrypt_string_e     0000000140003210 f   master_main.obj
 0001:000022f0       goron_decrypt_string_f     00000001400032f0 f   master_main.obj
 0001:000023d0       goron_decrypt_string_10    00000001400033d0 f   master_main.obj
 0001:000024c0       goron_decrypt_string_11    00000001400034c0 f   master_main.obj
 0001:000025b0       goron_decrypt_string_12    00000001400035b0 f   master_main.obj
 0001:000026b0       goron_decrypt_string_13    00000001400036b0 f   master_main.obj
 0001:000027b0       goron_decrypt_string_14    00000001400037b0 f   master_main.obj
 0001:000028a0       goron_decrypt_string_15    00000001400038a0 f   master_main.obj
 0001:000029a0       goron_decrypt_string_16    00000001400039a0 f   master_main.obj
 0001:00002a90       goron_decrypt_string_17    0000000140003a90 f   master_main.obj
 0001:00002b80       goron_decrypt_string_18    0000000140003b80 f   master_main.obj
 0001:00002c70       goron_decrypt_string_19    0000000140003c70 f   master_main.obj
 0001:00002d60       goron_decrypt_string_1a    0000000140003d60 f   master_main.obj
 0001:00002e40       goron_decrypt_string_1b    0000000140003e40 f   master_main.obj
 0001:00002f30       goron_decrypt_string_1c    0000000140003f30 f   master_main.obj
 0001:00003030       goron_decrypt_string_1d    0000000140004030 f   master_main.obj
 0001:00003130       goron_decrypt_string_1e    0000000140004130 f   master_main.obj
 0001:00003220       goron_decrypt_string_1f    0000000140004220 f   master_main.obj
 0001:00003310       goron_decrypt_string_20    0000000140004310 f   master_main.obj
 0001:00003400       goron_decrypt_string_21    0000000140004400 f   master_main.obj
 0001:000034e0       goron_decrypt_string_22    00000001400044e0 f   master_main.obj
 0001:000035e0       goron_decrypt_string_23    00000001400045e0 f   master_main.obj
 0001:000036d0       goron_decrypt_string_24    00000001400046d0 f   master_main.obj
 0001:000037b0       goron_decrypt_string_25    00000001400047b0 f   master_main.obj
 0001:000038b0       goron_decrypt_string_26    00000001400048b0 f   master_main.obj
 0001:000039b0       goron_decrypt_string_27    00000001400049b0 f   master_main.obj
 0001:00003ab0       goron_decrypt_string_28    0000000140004ab0 f   master_main.obj
 0001:00003b90       goron_decrypt_string_29    0000000140004b90 f   master_main.obj
 0001:00003c80       goron_decrypt_string_2a    0000000140004c80 f   master_main.obj
 0001:00003d80       goron_decrypt_string_2b    0000000140004d80 f   master_main.obj
 0001:00003e70       goron_decrypt_string_2c    0000000140004e70 f   master_main.obj
 0001:00003f70       goron_decrypt_string_2d    0000000140004f70 f   master_main.obj
 0001:00004060       goron_decrypt_string_2e    0000000140005060 f   master_main.obj
 0001:00004140       goron_decrypt_string_2f    0000000140005140 f   master_main.obj
 0001:00004220       goron_decrypt_string_30    0000000140005220 f   master_main.obj
 0001:00004320       goron_decrypt_string_31    0000000140005320 f   master_main.obj
 0001:00004420       goron_decrypt_string_32    0000000140005420 f   master_main.obj
 0001:00004520       goron_decrypt_string_33    0000000140005520 f   master_main.obj
 0001:00006480       goron_decrypt_string_0     0000000140007480 f   spoofer_driver_client.obj
 0001:00006580       goron_decrypt_string_1     0000000140007580 f   spoofer_driver_client.obj
 0001:00006670       goron_decrypt_string_2     0000000140007670 f   spoofer_driver_client.obj
 0001:00006770       goron_decrypt_string_3     0000000140007770 f   spoofer_driver_client.obj
 0001:00006860       goron_decrypt_string_4     0000000140007860 f   spoofer_driver_client.obj
 0001:00006960       goron_decrypt_string_5     0000000140007960 f   spoofer_driver_client.obj
 0001:00006a60       goron_decrypt_string_6     0000000140007a60 f   spoofer_driver_client.obj
 0001:00006b50       goron_decrypt_string_7     0000000140007b50 f   spoofer_driver_client.obj
 0001:00006c40       goron_decrypt_string_8     0000000140007c40 f   spoofer_driver_client.obj
 0001:00006d30       goron_decrypt_string_9     0000000140007d30 f   spoofer_driver_client.obj
 0001:00006e10       goron_decrypt_string_a     0000000140007e10 f   spoofer_driver_client.obj
 0001:00006f10       goron_decrypt_string_b     0000000140007f10 f   spoofer_driver_client.obj
 0001:00006ff0       goron_decrypt_string_c     0000000140007ff0 f   spoofer_driver_client.obj
 0001:000070f0       goron_decrypt_string_d     00000001400080f0 f   spoofer_driver_client.obj
 0001:000071e0       goron_decrypt_string_e     00000001400081e0 f   spoofer_driver_client.obj
 0001:00009ee0       ?s_con@@YAXPEBD@Z          000000014000aee0 f   spoofer_registry.obj
 0001:00009f90       ?s_read_steam_id@@YA_NXZ   000000014000af90 f   spoofer_registry.obj
 0001:0000a6d0       ?runafterspoof@@YAX_N0@Z   000000014000b6d0 f   spoofer_registry.obj
 0001:00011550       ?s_self_cleanup@@YAXXZ     0000000140012550 f   spoofer_registry.obj
 0001:00011770       ?SpoofDisk@@YA_NXZ         0000000140012770 f   spoofer_registry.obj
 0001:000119a0       ?SpoofMAC@@YA_NXZ          00000001400129a0 f   spoofer_registry.obj
 0001:00011be0       ?SpoofGPU@@YA_NXZ          0000000140012be0 f   spoofer_registry.obj
 0001:00011e50       ?SpoofSMBIOS@@YA_NXZ       0000000140012e50 f   spoofer_registry.obj
 0001:00012090       ?SpoofARP@@YA_NXZ          0000000140013090 f   spoofer_registry.obj
 0001:000122c0       ?SpoofSMBIOSNULL@@YA_NXZ   00000001400132c0 f   spoofer_registry.obj
 0001:00012520       ?SpoofTPM@@YA_NXZ          0000000140013520 f   spoofer_registry.obj
 0001:00012760       ?SpoofMonitor@@YA_NXZ      0000000140013760 f   spoofer_registry.obj
 0001:000129c0       ?SpoofRegistry@@YA_NXZ     00000001400139c0 f   spoofer_registry.obj
 0001:00013100       goron_decrypt_string_0     0000000140014100 f   spoofer_registry.obj
 0001:00013200       goron_decrypt_string_1     0000000140014200 f   spoofer_registry.obj
 0001:000132f0       goron_decrypt_string_2     00000001400142f0 f   spoofer_registry.obj
 0001:000133e0       goron_decrypt_string_3     00000001400143e0 f   spoofer_registry.obj
 0001:000134d0       goron_decrypt_string_4     00000001400144d0 f   spoofer_registry.obj
 0001:000135c0       goron_decrypt_string_5     00000001400145c0 f   spoofer_registry.obj
 0001:000136a0       goron_decrypt_string_6     00000001400146a0 f   spoofer_registry.obj
 0001:00013790       goron_decrypt_string_7     0000000140014790 f   spoofer_registry.obj
 0001:00013880       goron_decrypt_string_8     0000000140014880 f   spoofer_registry.obj
 0001:00013960       goron_decrypt_string_9     0000000140014960 f   spoofer_registry.obj
 0001:00013a50       goron_decrypt_string_a     0000000140014a50 f   spoofer_registry.obj
 0001:00013b50       goron_decrypt_string_b     0000000140014b50 f   spoofer_registry.obj
 0001:00013c50       goron_decrypt_string_c     0000000140014c50 f   spoofer_registry.obj
 0001:00013d30       goron_decrypt_string_d     0000000140014d30 f   spoofer_registry.obj
 0001:00013e30       goron_decrypt_string_e     0000000140014e30 f   spoofer_registry.obj
 0001:00013f20       goron_decrypt_string_f     0000000140014f20 f   spoofer_registry.obj
 0001:00014000       goron_decrypt_string_10    0000000140015000 f   spoofer_registry.obj
 0001:000140e0       goron_decrypt_string_11    00000001400150e0 f   spoofer_registry.obj
 0001:000141d0       goron_decrypt_string_12    00000001400151d0 f   spoofer_registry.obj
 0001:000142b0       goron_decrypt_string_13    00000001400152b0 f   spoofer_registry.obj
 0001:000143b0       goron_decrypt_string_14    00000001400153b0 f   spoofer_registry.obj
 0001:00014490       goron_decrypt_string_15    0000000140015490 f   spoofer_registry.obj
 0001:00014590       goron_decrypt_string_16    0000000140015590 f   spoofer_registry.obj
 0001:00014690       goron_decrypt_string_17    0000000140015690 f   spoofer_registry.obj
 0001:00014770       goron_decrypt_string_18    0000000140015770 f   spoofer_registry.obj
 0001:00014850       goron_decrypt_string_19    0000000140015850 f   spoofer_registry.obj
 0001:00014930       goron_decrypt_string_1a    0000000140015930 f   spoofer_registry.obj
 0001:00014a20       goron_decrypt_string_1b    0000000140015a20 f   spoofer_registry.obj
 0001:00014b00       goron_decrypt_string_1c    0000000140015b00 f   spoofer_registry.obj
 0001:00014bf0       goron_decrypt_string_1d    0000000140015bf0 f   spoofer_registry.obj
 0001:00014ce0       goron_decrypt_string_1e    0000000140015ce0 f   spoofer_registry.obj
 0001:00014de0       goron_decrypt_string_1f    0000000140015de0 f   spoofer_registry.obj
 0001:00014ed0       goron_decrypt_string_20    0000000140015ed0 f   spoofer_registry.obj
 0001:00014fc0       goron_decrypt_string_21    0000000140015fc0 f   spoofer_registry.obj
 0001:000150c0       goron_decrypt_string_22    00000001400160c0 f   spoofer_registry.obj
 0001:000151c0       goron_decrypt_string_23    00000001400161c0 f   spoofer_registry.obj
 0001:000152c0       goron_decrypt_string_24    00000001400162c0 f   spoofer_registry.obj
 0001:000153c0       goron_decrypt_string_25    00000001400163c0 f   spoofer_registry.obj
 0001:000154b0       goron_decrypt_string_26    00000001400164b0 f   spoofer_registry.obj
 0001:000155b0       goron_decrypt_string_27    00000001400165b0 f   spoofer_registry.obj
 0001:00015690       goron_decrypt_string_28    0000000140016690 f   spoofer_registry.obj
 0001:00015790       goron_decrypt_string_29    0000000140016790 f   spoofer_registry.obj
 0001:00015880       goron_decrypt_string_2a    0000000140016880 f   spoofer_registry.obj
 0001:00015970       goron_decrypt_string_2b    0000000140016970 f   spoofer_registry.obj
 0001:00015a70       goron_decrypt_string_2c    0000000140016a70 f   spoofer_registry.obj
 0001:00015b60       goron_decrypt_string_2d    0000000140016b60 f   spoofer_registry.obj
 0001:00015c50       goron_decrypt_string_2e    0000000140016c50 f   spoofer_registry.obj
 0001:00015d50       goron_decrypt_string_2f    0000000140016d50 f   spoofer_registry.obj
 0001:00015e50       goron_decrypt_string_30    0000000140016e50 f   spoofer_registry.obj
 0001:00015f40       goron_decrypt_string_31    0000000140016f40 f   spoofer_registry.obj
 0001:00016050       goron_decrypt_string_32    0000000140017050 f   spoofer_registry.obj
 0001:00016140       goron_decrypt_string_33    0000000140017140 f   spoofer_registry.obj
 0001:00016220       goron_decrypt_string_34    0000000140017220 f   spoofer_registry.obj
 0001:00016320       goron_decrypt_string_35    0000000140017320 f   spoofer_registry.obj
 0001:00016420       goron_decrypt_string_36    0000000140017420 f   spoofer_registry.obj
 0001:00016520       goron_decrypt_string_37    0000000140017520 f   spoofer_registry.obj
 0001:00016610       goron_decrypt_string_38    0000000140017610 f   spoofer_registry.obj
 0001:00016700       goron_decrypt_string_39    0000000140017700 f   spoofer_registry.obj
 0001:000167e0       goron_decrypt_string_3a    00000001400177e0 f   spoofer_registry.obj
 0001:000168d0       goron_decrypt_string_3b    00000001400178d0 f   spoofer_registry.obj
 0001:000169c0       goron_decrypt_string_3c    00000001400179c0 f   spoofer_registry.obj
 0001:00016aa0       goron_decrypt_string_3d    0000000140017aa0 f   spoofer_registry.obj
 0001:00016b90       goron_decrypt_string_3e    0000000140017b90 f   spoofer_registry.obj
 0001:00016c90       goron_decrypt_string_3f    0000000140017c90 f   spoofer_registry.obj
 0001:00016d80       goron_decrypt_string_40    0000000140017d80 f   spoofer_registry.obj
 0001:00016e70       goron_decrypt_string_41    0000000140017e70 f   spoofer_registry.obj
 0001:00016f60       goron_decrypt_string_42    0000000140017f60 f   spoofer_registry.obj
 0001:00017060       goron_decrypt_string_43    0000000140018060 f   spoofer_registry.obj
 0001:00017160       goron_decrypt_string_44    0000000140018160 f   spoofer_registry.obj
 0001:00017250       goron_decrypt_string_45    0000000140018250 f   spoofer_registry.obj
 0001:00017340       goron_decrypt_string_46    0000000140018340 f   spoofer_registry.obj
 0001:00017430       goron_decrypt_string_47    0000000140018430 f   spoofer_registry.obj
 0001:00017510       goron_decrypt_string_48    0000000140018510 f   spoofer_registry.obj
 0001:00017610       goron_decrypt_string_49    0000000140018610 f   spoofer_registry.obj
 0001:00017700       goron_decrypt_string_4a    0000000140018700 f   spoofer_registry.obj
 0001:00017800       goron_decrypt_string_4b    0000000140018800 f   spoofer_registry.obj
 0001:000178f0       goron_decrypt_string_4c    00000001400188f0 f   spoofer_registry.obj
 0001:000179e0       goron_decrypt_string_4d    00000001400189e0 f   spoofer_registry.obj
 0001:00017af0       goron_decrypt_string_4e    0000000140018af0 f   spoofer_registry.obj
 0001:00017be0       goron_decrypt_string_4f    0000000140018be0 f   spoofer_registry.obj
 0001:00017cc0       goron_decrypt_string_50    0000000140018cc0 f   spoofer_registry.obj
 0001:00017db0       goron_decrypt_string_51    0000000140018db0 f   spoofer_registry.obj
 0001:00017ea0       goron_decrypt_string_52    0000000140018ea0 f   spoofer_registry.obj
 0001:00017fa0       goron_decrypt_string_53    0000000140018fa0 f   spoofer_registry.obj
 0001:00018080       goron_decrypt_string_54    0000000140019080 f   spoofer_registry.obj
 0001:00018180       goron_decrypt_string_55    0000000140019180 f   spoofer_registry.obj
 0001:00018260       goron_decrypt_string_56    0000000140019260 f   spoofer_registry.obj
 0001:00018360       goron_decrypt_string_57    0000000140019360 f   spoofer_registry.obj
 0001:00018440       goron_decrypt_string_58    0000000140019440 f   spoofer_registry.obj
 0001:00018530       goron_decrypt_string_59    0000000140019530 f   spoofer_registry.obj
 0001:00018620       goron_decrypt_string_5a    0000000140019620 f   spoofer_registry.obj
 0001:00018730       goron_decrypt_string_5b    0000000140019730 f   spoofer_registry.obj
 0001:00018820       goron_decrypt_string_5c    0000000140019820 f   spoofer_registry.obj
 0001:00018900       goron_decrypt_string_5d    0000000140019900 f   spoofer_registry.obj
 0001:000189f0       goron_decrypt_string_5e    00000001400199f0 f   spoofer_registry.obj
 0001:00018af0       goron_decrypt_string_5f    0000000140019af0 f   spoofer_registry.obj
 0001:00018be0       goron_decrypt_string_60    0000000140019be0 f   spoofer_registry.obj
 0001:00018cc0       goron_decrypt_string_61    0000000140019cc0 f   spoofer_registry.obj
 0001:00018db0       goron_decrypt_string_62    0000000140019db0 f   spoofer_registry.obj
 0001:00018eb0       goron_decrypt_string_63    0000000140019eb0 f   spoofer_registry.obj
 0001:00018f90       goron_decrypt_string_64    0000000140019f90 f   spoofer_registry.obj
 0001:00019070       goron_decrypt_string_65    000000014001a070 f   spoofer_registry.obj
 0001:00019160       goron_decrypt_string_66    000000014001a160 f   spoofer_registry.obj
 0001:00019250       goron_decrypt_string_67    000000014001a250 f   spoofer_registry.obj
 0001:00019340       goron_decrypt_string_68    000000014001a340 f   spoofer_registry.obj
 0001:00019420       goron_decrypt_string_69    000000014001a420 f   spoofer_registry.obj
 0001:00019510       goron_decrypt_string_6a    000000014001a510 f   spoofer_registry.obj
 0001:00019610       goron_decrypt_string_6b    000000014001a610 f   spoofer_registry.obj
 0001:00019710       goron_decrypt_string_6c    000000014001a710 f   spoofer_registry.obj
 0001:00019800       goron_decrypt_string_6d    000000014001a800 f   spoofer_registry.obj
 0001:000198f0       goron_decrypt_string_6e    000000014001a8f0 f   spoofer_registry.obj
 0001:000199d0       goron_decrypt_string_6f    000000014001a9d0 f   spoofer_registry.obj
 0001:00019ad0       goron_decrypt_string_70    000000014001aad0 f   spoofer_registry.obj
 0001:00019bc0       goron_decrypt_string_71    000000014001abc0 f   spoofer_registry.obj
 0001:00019cc0       goron_decrypt_string_72    000000014001acc0 f   spoofer_registry.obj
 0001:00019db0       goron_decrypt_string_73    000000014001adb0 f   spoofer_registry.obj
 0001:00019ea0       goron_decrypt_string_74    000000014001aea0 f   spoofer_registry.obj
 0001:00019f80       goron_decrypt_string_75    000000014001af80 f   spoofer_registry.obj
 0001:0001a080       goron_decrypt_string_76    000000014001b080 f   spoofer_registry.obj
 0001:0001a170       goron_decrypt_string_77    000000014001b170 f   spoofer_registry.obj
 0001:0001a280       goron_decrypt_string_78    000000014001b280 f   spoofer_registry.obj
 0001:0001a380       goron_decrypt_string_79    000000014001b380 f   spoofer_registry.obj
 0001:0001a480       goron_decrypt_string_7a    000000014001b480 f   spoofer_registry.obj
 0001:0001a570       goron_decrypt_string_7b    000000014001b570 f   spoofer_registry.obj
 0001:0001a670       goron_decrypt_string_7c    000000014001b670 f   spoofer_registry.obj
 0001:0001a760       goron_decrypt_string_7d    000000014001b760 f   spoofer_registry.obj
 0001:0001a850       goron_decrypt_string_7e    000000014001b850 f   spoofer_registry.obj
 0001:0001a950       goron_decrypt_string_7f    000000014001b950 f   spoofer_registry.obj
 0001:0001aa30       goron_decrypt_string_80    000000014001ba30 f   spoofer_registry.obj
 0001:0001ab30       goron_decrypt_string_81    000000014001bb30 f   spoofer_registry.obj
 0001:0001ac10       goron_decrypt_string_82    000000014001bc10 f   spoofer_registry.obj
 0001:0001acf0       goron_decrypt_string_83    000000014001bcf0 f   spoofer_registry.obj
 0001:0001ade0       goron_decrypt_string_84    000000014001bde0 f   spoofer_registry.obj
 0001:0001aee0       goron_decrypt_string_85    000000014001bee0 f   spoofer_registry.obj
 0001:0001afe0       goron_decrypt_string_86    000000014001bfe0 f   spoofer_registry.obj
 0001:0001b0d0       goron_decrypt_string_87    000000014001c0d0 f   spoofer_registry.obj
 0001:0001b1d0       goron_decrypt_string_88    000000014001c1d0 f   spoofer_registry.obj
 0001:0001b2c0       goron_decrypt_string_89    000000014001c2c0 f   spoofer_registry.obj
 0001:0001b3b0       goron_decrypt_string_8a    000000014001c3b0 f   spoofer_registry.obj
 0001:0001b4b0       goron_decrypt_string_8b    000000014001c4b0 f   spoofer_registry.obj
 0001:0001b5a0       goron_decrypt_string_8c    000000014001c5a0 f   spoofer_registry.obj
 0001:0001b690       goron_decrypt_string_8d    000000014001c690 f   spoofer_registry.obj
 0001:0001b780       goron_decrypt_string_8e    000000014001c780 f   spoofer_registry.obj
 0001:0001b870       goron_decrypt_string_8f    000000014001c870 f   spoofer_registry.obj
 0001:0001b970       goron_decrypt_string_90    000000014001c970 f   spoofer_registry.obj
 0001:0001ba50       goron_decrypt_string_91    000000014001ca50 f   spoofer_registry.obj
 0001:0001bb50       goron_decrypt_string_92    000000014001cb50 f   spoofer_registry.obj
 0001:0001bc50       goron_decrypt_string_93    000000014001cc50 f   spoofer_registry.obj
 0001:0001bd40       goron_decrypt_string_94    000000014001cd40 f   spoofer_registry.obj
 0001:0001be30       goron_decrypt_string_95    000000014001ce30 f   spoofer_registry.obj
 0001:0001bf20       goron_decrypt_string_96    000000014001cf20 f   spoofer_registry.obj
 0001:0001c020       goron_decrypt_string_97    000000014001d020 f   spoofer_registry.obj
 0001:0001c110       goron_decrypt_string_98    000000014001d110 f   spoofer_registry.obj
 0001:0001c200       goron_decrypt_string_99    000000014001d200 f   spoofer_registry.obj
 0001:0001c2f0       goron_decrypt_string_9a    000000014001d2f0 f   spoofer_registry.obj
 0001:0001c3e0       goron_decrypt_string_9b    000000014001d3e0 f   spoofer_registry.obj
 0001:0001c4d0       goron_decrypt_string_9c    000000014001d4d0 f   spoofer_registry.obj
 0001:0001c5d0       goron_decrypt_string_9d    000000014001d5d0 f   spoofer_registry.obj
 0001:0001c6c0       goron_decrypt_string_9e    000000014001d6c0 f   spoofer_registry.obj
 0001:0001c7a0       goron_decrypt_string_9f    000000014001d7a0 f   spoofer_registry.obj
 0001:0001c8a0       goron_decrypt_string_a0    000000014001d8a0 f   spoofer_registry.obj
 0001:0001c9a0       goron_decrypt_string_a1    000000014001d9a0 f   spoofer_registry.obj
 0001:0001ca90       goron_decrypt_string_a2    000000014001da90 f   spoofer_registry.obj
 0001:0001cb70       goron_decrypt_string_a3    000000014001db70 f   spoofer_registry.obj
 0001:0001cc50       goron_decrypt_string_a4    000000014001dc50 f   spoofer_registry.obj
 0001:0001cd40       goron_decrypt_string_a5    000000014001dd40 f   spoofer_registry.obj
 0001:0001ce30       goron_decrypt_string_a6    000000014001de30 f   spoofer_registry.obj
 0001:0001cf30       goron_decrypt_string_a7    000000014001df30 f   spoofer_registry.obj
 0001:0001d030       __global_variable_initializer___const.?RunSpoofer@@YA_NXZ.cmds 000000014001e030 f   spoofer_registry.obj
 0001:0001d200       ?CommonCleanup@@YAXXZ      000000014001e200 f   cleaner.obj
 0001:0001d770       ?RemoveBattlEye@@YAXXZ     000000014001e770 f   cleaner.obj
 0001:0001daa0       ?RemoveEAC@@YAXXZ          000000014001eaa0 f   cleaner.obj
 0001:0001e0c0       ?RegistryDeepClean@@YAXXZ  000000014001f0c0 f   cleaner.obj
 0001:0001ed00       ?WindowsTraceCleanup@@YAXXZ 000000014001fd00 f   cleaner.obj
 0001:0001f6b0       ?NetworkReset@@YAXXZ       00000001400206b0 f   cleaner.obj
 0001:0001fd70       ?MACSpoof@@YAXXZ           0000000140020d70 f   cleaner.obj
 0001:0001ffd0       ?PrintDone@@YAXXZ          0000000140020fd0 f   cleaner.obj
 0001:00020d50       ?SafeCLS@@YAXXZ            0000000140021d50 f   cleaner.obj
 0001:00020f00       goron_decrypt_string_12    0000000140021f00 f   cleaner.obj
 0001:00020ff0       goron_decrypt_string_13    0000000140021ff0 f   cleaner.obj
 0001:000210f0       goron_decrypt_string_14    00000001400220f0 f   cleaner.obj
 0001:000211d0       goron_decrypt_string_15    00000001400221d0 f   cleaner.obj
 0001:000212c0       goron_decrypt_string_16    00000001400222c0 f   cleaner.obj
 0001:000213c0       goron_decrypt_string_17    00000001400223c0 f   cleaner.obj
 0001:000214b0       goron_decrypt_string_18    00000001400224b0 f   cleaner.obj
 0001:000215a0       goron_decrypt_string_19    00000001400225a0 f   cleaner.obj
 0001:000216a0       goron_decrypt_string_1a    00000001400226a0 f   cleaner.obj
 0001:00021790       goron_decrypt_string_1b    0000000140022790 f   cleaner.obj
 0001:00021880       goron_decrypt_string_1c    0000000140022880 f   cleaner.obj
 0001:00021970       goron_decrypt_string_1d    0000000140022970 f   cleaner.obj
 0001:00021a60       goron_decrypt_string_1e    0000000140022a60 f   cleaner.obj
 0001:00021b50       goron_decrypt_string_1f    0000000140022b50 f   cleaner.obj
 0001:00021c60       goron_decrypt_string_20    0000000140022c60 f   cleaner.obj
 0001:00021d50       goron_decrypt_string_21    0000000140022d50 f   cleaner.obj
 0001:00021e40       goron_decrypt_string_22    0000000140022e40 f   cleaner.obj
 0001:00021f30       goron_decrypt_string_23    0000000140022f30 f   cleaner.obj
 0001:00022010       goron_decrypt_string_24    0000000140023010 f   cleaner.obj
 0001:00022100       goron_decrypt_string_25    0000000140023100 f   cleaner.obj
 0001:00022200       goron_decrypt_string_26    0000000140023200 f   cleaner.obj
 0001:000222f0       goron_decrypt_string_27    00000001400232f0 f   cleaner.obj
 0001:000223f0       goron_decrypt_string_28    00000001400233f0 f   cleaner.obj
 0001:000224e0       goron_decrypt_string_29    00000001400234e0 f   cleaner.obj
 0001:000225d0       goron_decrypt_string_2a    00000001400235d0 f   cleaner.obj
 0001:000226c0       goron_decrypt_string_2b    00000001400236c0 f   cleaner.obj
 0001:000227c0       goron_decrypt_string_2c    00000001400237c0 f   cleaner.obj
 0001:000228b0       goron_decrypt_string_2d    00000001400238b0 f   cleaner.obj
 0001:00022990       goron_decrypt_string_2e    0000000140023990 f   cleaner.obj
 0001:00022a70       goron_decrypt_string_2f    0000000140023a70 f   cleaner.obj
 0001:00022b70       goron_decrypt_string_3d    0000000140023b70 f   cleaner.obj
 0001:00022c60       goron_decrypt_string_3e    0000000140023c60 f   cleaner.obj
 0001:00022d50       goron_decrypt_string_3f    0000000140023d50 f   cleaner.obj
 0001:00022e40       goron_decrypt_string_40    0000000140023e40 f   cleaner.obj
 0001:00022f30       goron_decrypt_string_41    0000000140023f30 f   cleaner.obj
 0001:00023020       goron_decrypt_string_42    0000000140024020 f   cleaner.obj
 0001:00023110       goron_decrypt_string_43    0000000140024110 f   cleaner.obj
 0001:00023210       goron_decrypt_string_44    0000000140024210 f   cleaner.obj
 0001:000232f0       goron_decrypt_string_45    00000001400242f0 f   cleaner.obj
 0001:000233e0       goron_decrypt_string_46    00000001400243e0 f   cleaner.obj
 0001:000234d0       goron_decrypt_string_47    00000001400244d0 f   cleaner.obj
 0001:000235c0       goron_decrypt_string_48    00000001400245c0 f   cleaner.obj
 0001:000236c0       goron_decrypt_string_49    00000001400246c0 f   cleaner.obj
 0001:000237c0       goron_decrypt_string_4a    00000001400247c0 f   cleaner.obj
 0001:000238b0       goron_decrypt_string_4b    00000001400248b0 f   cleaner.obj
 0001:000239a0       goron_decrypt_string_4c    00000001400249a0 f   cleaner.obj
 0001:00023a90       goron_decrypt_string_4d    0000000140024a90 f   cleaner.obj
 0001:00023b90       goron_decrypt_string_4e    0000000140024b90 f   cleaner.obj
 0001:00023c90       goron_decrypt_string_4f    0000000140024c90 f   cleaner.obj
 0001:00023d80       goron_decrypt_string_50    0000000140024d80 f   cleaner.obj
 0001:00023e70       goron_decrypt_string_51    0000000140024e70 f   cleaner.obj
 0001:00023f50       goron_decrypt_string_52    0000000140024f50 f   cleaner.obj
 0001:00024030       goron_decrypt_string_53    0000000140025030 f   cleaner.obj
 0001:00024120       goron_decrypt_string_54    0000000140025120 f   cleaner.obj
 0001:00024210       goron_decrypt_string_55    0000000140025210 f   cleaner.obj
 0001:00024300       goron_decrypt_string_56    0000000140025300 f   cleaner.obj
 0001:000243f0       goron_decrypt_string_57    00000001400253f0 f   cleaner.obj
 0001:000244d0       goron_decrypt_string_58    00000001400254d0 f   cleaner.obj
 0001:000245c0       goron_decrypt_string_59    00000001400255c0 f   cleaner.obj
 0001:000246c0       goron_decrypt_string_5a    00000001400256c0 f   cleaner.obj
 0001:000247c0       goron_decrypt_string_5b    00000001400257c0 f   cleaner.obj
 0001:000248b0       goron_decrypt_string_5c    00000001400258b0 f   cleaner.obj
 0001:000249a0       goron_decrypt_string_5d    00000001400259a0 f   cleaner.obj
 0001:00024a90       goron_decrypt_string_5e    0000000140025a90 f   cleaner.obj
 0001:00024b80       goron_decrypt_string_5f    0000000140025b80 f   cleaner.obj
 0001:00024c80       goron_decrypt_string_60    0000000140025c80 f   cleaner.obj
 0001:00024d70       goron_decrypt_string_61    0000000140025d70 f   cleaner.obj
 0001:00024e70       goron_decrypt_string_62    0000000140025e70 f   cleaner.obj
 0001:00024f70       goron_decrypt_string_63    0000000140025f70 f   cleaner.obj
 0001:00025060       goron_decrypt_string_64    0000000140026060 f   cleaner.obj
 0001:00025160       goron_decrypt_string_65    0000000140026160 f   cleaner.obj
 0001:00025260       goron_decrypt_string_66    0000000140026260 f   cleaner.obj
 0001:00025340       goron_decrypt_string_67    0000000140026340 f   cleaner.obj
 0001:00025430       goron_decrypt_string_68    0000000140026430 f   cleaner.obj
 0001:00025520       goron_decrypt_string_69    0000000140026520 f   cleaner.obj
 0001:00025600       goron_decrypt_string_6a    0000000140026600 f   cleaner.obj
 0001:00025700       goron_decrypt_string_6b    0000000140026700 f   cleaner.obj
 0001:000257e0       goron_decrypt_string_6c    00000001400267e0 f   cleaner.obj
 0001:000258c0       goron_decrypt_string_6d    00000001400268c0 f   cleaner.obj
 0001:000259b0       goron_decrypt_string_6e    00000001400269b0 f   cleaner.obj
 0001:00025ab0       goron_decrypt_string_6f    0000000140026ab0 f   cleaner.obj
 0001:00025ba0       goron_decrypt_string_70    0000000140026ba0 f   cleaner.obj
 0001:00025c90       goron_decrypt_string_71    0000000140026c90 f   cleaner.obj
 0001:00025d80       goron_decrypt_string_72    0000000140026d80 f   cleaner.obj
 0001:00025e80       goron_decrypt_string_73    0000000140026e80 f   cleaner.obj
 0001:00025f80       goron_decrypt_string_74    0000000140026f80 f   cleaner.obj
 0001:00026080       goron_decrypt_string_75    0000000140027080 f   cleaner.obj
 0001:00026160       goron_decrypt_string_76    0000000140027160 f   cleaner.obj
 0001:00026260       goron_decrypt_string_77    0000000140027260 f   cleaner.obj
 0001:00026350       goron_decrypt_string_78    0000000140027350 f   cleaner.obj
 0001:00026430       goron_decrypt_string_79    0000000140027430 f   cleaner.obj
 0001:00026530       goron_decrypt_string_7a    0000000140027530 f   cleaner.obj
 0001:00026610       goron_decrypt_string_7b    0000000140027610 f   cleaner.obj
 0001:00026710       goron_decrypt_string_7c    0000000140027710 f   cleaner.obj
 0001:00026800       goron_decrypt_string_7d    0000000140027800 f   cleaner.obj
 0001:000268e0       goron_decrypt_string_7e    00000001400278e0 f   cleaner.obj
 0001:000269e0       goron_decrypt_string_7f    00000001400279e0 f   cleaner.obj
 0001:00026ad0       goron_decrypt_string_80    0000000140027ad0 f   cleaner.obj
 0001:00026bd0       goron_decrypt_string_81    0000000140027bd0 f   cleaner.obj
 0001:00026cd0       goron_decrypt_string_82    0000000140027cd0 f   cleaner.obj
 0001:00026dd0       goron_decrypt_string_83    0000000140027dd0 f   cleaner.obj
 0001:00026ec0       goron_decrypt_string_84    0000000140027ec0 f   cleaner.obj
 0001:00026fa0       goron_decrypt_string_85    0000000140027fa0 f   cleaner.obj
 0001:00027090       goron_decrypt_string_86    0000000140028090 f   cleaner.obj
 0001:00027190       goron_decrypt_string_87    0000000140028190 f   cleaner.obj
 0001:00027290       goron_decrypt_string_88    0000000140028290 f   cleaner.obj
 0001:00027380       goron_decrypt_string_89    0000000140028380 f   cleaner.obj
 0001:00027480       goron_decrypt_string_8a    0000000140028480 f   cleaner.obj
 0001:00027560       goron_decrypt_string_8b    0000000140028560 f   cleaner.obj
 0001:00027660       goron_decrypt_string_8c    0000000140028660 f   cleaner.obj
 0001:00027750       goron_decrypt_string_8d    0000000140028750 f   cleaner.obj
 0001:00027830       goron_decrypt_string_8e    0000000140028830 f   cleaner.obj
 0001:00027910       goron_decrypt_string_8f    0000000140028910 f   cleaner.obj
 0001:000279f0       goron_decrypt_string_90    00000001400289f0 f   cleaner.obj
 0001:00027ae0       goron_decrypt_string_91    0000000140028ae0 f   cleaner.obj
 0001:00027bd0       goron_decrypt_string_92    0000000140028bd0 f   cleaner.obj
 0001:00027cd0       goron_decrypt_string_93    0000000140028cd0 f   cleaner.obj
 0001:00027db0       goron_decrypt_string_94    0000000140028db0 f   cleaner.obj
 0001:00027ea0       goron_decrypt_string_95    0000000140028ea0 f   cleaner.obj
 0001:00027f90       goron_decrypt_string_96    0000000140028f90 f   cleaner.obj
 0001:00028090       goron_decrypt_string_97    0000000140029090 f   cleaner.obj
 0001:00028180       goron_decrypt_string_98    0000000140029180 f   cleaner.obj
 0001:00028280       goron_decrypt_string_99    0000000140029280 f   cleaner.obj
 0001:00028370       goron_decrypt_string_9a    0000000140029370 f   cleaner.obj
 0001:00028450       goron_decrypt_string_9b    0000000140029450 f   cleaner.obj
 0001:00028540       goron_decrypt_string_9c    0000000140029540 f   cleaner.obj
 0001:00028620       goron_decrypt_string_9d    0000000140029620 f   cleaner.obj
 0001:00028710       goron_decrypt_string_9e    0000000140029710 f   cleaner.obj
 0001:00028800       goron_decrypt_string_9f    0000000140029800 f   cleaner.obj
 0001:00028910       goron_decrypt_string_a0    0000000140029910 f   cleaner.obj
 0001:00028a10       goron_decrypt_string_a1    0000000140029a10 f   cleaner.obj
 0001:00028b00       goron_decrypt_string_a2    0000000140029b00 f   cleaner.obj
 0001:00028be0       goron_decrypt_string_a3    0000000140029be0 f   cleaner.obj
 0001:00028ce0       goron_decrypt_string_a4    0000000140029ce0 f   cleaner.obj
 0001:00028dd0       goron_decrypt_string_a5    0000000140029dd0 f   cleaner.obj
 0001:00028ed0       goron_decrypt_string_a6    0000000140029ed0 f   cleaner.obj
 0001:00028fc0       goron_decrypt_string_a7    0000000140029fc0 f   cleaner.obj
 0001:000290c0       goron_decrypt_string_a8    000000014002a0c0 f   cleaner.obj
 0001:000291a0       goron_decrypt_string_a9    000000014002a1a0 f   cleaner.obj
 0001:00029290       goron_decrypt_string_aa    000000014002a290 f   cleaner.obj
 0001:00029380       goron_decrypt_string_ab    000000014002a380 f   cleaner.obj
 0001:00029470       goron_decrypt_string_ac    000000014002a470 f   cleaner.obj
 0001:00029560       goron_decrypt_string_ad    000000014002a560 f   cleaner.obj
 0001:00029650       goron_decrypt_string_ae    000000014002a650 f   cleaner.obj
 0001:00029730       goron_decrypt_string_af    000000014002a730 f   cleaner.obj
 0001:00029820       goron_decrypt_string_b0    000000014002a820 f   cleaner.obj
 0001:00029920       goron_decrypt_string_b1    000000014002a920 f   cleaner.obj
 0001:00029a00       goron_decrypt_string_b2    000000014002aa00 f   cleaner.obj
 0001:00029b00       goron_decrypt_string_b3    000000014002ab00 f   cleaner.obj
 0001:00029be0       goron_decrypt_string_b4    000000014002abe0 f   cleaner.obj
 0001:00029cd0       goron_decrypt_string_b5    000000014002acd0 f   cleaner.obj
 0001:00029dd0       goron_decrypt_string_b6    000000014002add0 f   cleaner.obj
 0001:00029ed0       goron_decrypt_string_b7    000000014002aed0 f   cleaner.obj
 0001:00029fc0       goron_decrypt_string_b8    000000014002afc0 f   cleaner.obj
 0001:0002a0b0       goron_decrypt_string_b9    000000014002b0b0 f   cleaner.obj
 0001:0002a1a0       goron_decrypt_string_ba    000000014002b1a0 f   cleaner.obj
 0001:0002a2a0       goron_decrypt_string_bb    000000014002b2a0 f   cleaner.obj
 0001:0002a390       goron_decrypt_string_bc    000000014002b390 f   cleaner.obj
 0001:0002a490       goron_decrypt_string_bd    000000014002b490 f   cleaner.obj
 0001:0002a590       goron_decrypt_string_be    000000014002b590 f   cleaner.obj
 0001:0002a680       goron_decrypt_string_bf    000000014002b680 f   cleaner.obj
 0001:0002a770       goron_decrypt_string_c0    000000014002b770 f   cleaner.obj
 0001:0002a860       goron_decrypt_string_c1    000000014002b860 f   cleaner.obj
 0001:0002a960       goron_decrypt_string_c2    000000014002b960 f   cleaner.obj
 0001:0002aa40       goron_decrypt_string_c3    000000014002ba40 f   cleaner.obj
 0001:0002ab20       goron_decrypt_string_c4    000000014002bb20 f   cleaner.obj
 0001:0002ac00       goron_decrypt_string_c5    000000014002bc00 f   cleaner.obj
 0001:0002acf0       goron_decrypt_string_c6    000000014002bcf0 f   cleaner.obj
 0001:0002ade0       goron_decrypt_string_c7    000000014002bde0 f   cleaner.obj
 0001:0002aed0       goron_decrypt_string_c8    000000014002bed0 f   cleaner.obj
 0001:0002afb0       goron_decrypt_string_c9    000000014002bfb0 f   cleaner.obj
 0001:0002b0a0       goron_decrypt_string_ca    000000014002c0a0 f   cleaner.obj
 0001:0002b190       goron_decrypt_string_cb    000000014002c190 f   cleaner.obj
 0001:0002b280       goron_decrypt_string_cc    000000014002c280 f   cleaner.obj
 0001:0002b360       goron_decrypt_string_cd    000000014002c360 f   cleaner.obj
 0001:0002b450       goron_decrypt_string_ce    000000014002c450 f   cleaner.obj
 0001:0002b540       goron_decrypt_string_cf    000000014002c540 f   cleaner.obj
 0001:0002b630       goron_decrypt_string_d0    000000014002c630 f   cleaner.obj
 0001:0002b720       goron_decrypt_string_d1    000000014002c720 f   cleaner.obj
 0001:0002b810       goron_decrypt_string_d2    000000014002c810 f   cleaner.obj
 0001:0002b8f0       goron_decrypt_string_d3    000000014002c8f0 f   cleaner.obj
 0001:0002b9f0       goron_decrypt_string_d4    000000014002c9f0 f   cleaner.obj
 0001:0002bae0       goron_decrypt_string_d5    000000014002cae0 f   cleaner.obj
 0001:0002bbd0       goron_decrypt_string_d6    000000014002cbd0 f   cleaner.obj
 0001:0002bcc0       goron_decrypt_string_d7    000000014002ccc0 f   cleaner.obj
 0001:0002bdb0       goron_decrypt_string_d8    000000014002cdb0 f   cleaner.obj
 0001:0002be90       goron_decrypt_string_d9    000000014002ce90 f   cleaner.obj
 0001:0002bf90       goron_decrypt_string_da    000000014002cf90 f   cleaner.obj
 0001:0002c080       goron_decrypt_string_db    000000014002d080 f   cleaner.obj
 0001:0002c180       goron_decrypt_string_dc    000000014002d180 f   cleaner.obj
 0001:0002c260       goron_decrypt_string_dd    000000014002d260 f   cleaner.obj
 0001:0002c350       goron_decrypt_string_de    000000014002d350 f   cleaner.obj
 0001:0002c450       goron_decrypt_string_df    000000014002d450 f   cleaner.obj
 0001:0002c550       goron_decrypt_string_e0    000000014002d550 f   cleaner.obj
 0001:0002c640       goron_decrypt_string_e1    000000014002d640 f   cleaner.obj
 0001:0002c720       goron_decrypt_string_e2    000000014002d720 f   cleaner.obj
 0001:0002c800       goron_decrypt_string_e3    000000014002d800 f   cleaner.obj
 0001:0002c8f0       goron_decrypt_string_e4    000000014002d8f0 f   cleaner.obj
 0001:0002c9e0       goron_decrypt_string_e5    000000014002d9e0 f   cleaner.obj
 0001:0002cae0       goron_decrypt_string_e9    000000014002dae0 f   cleaner.obj
 0001:0002cbe0       goron_decrypt_string_ea    000000014002dbe0 f   cleaner.obj
 0001:0002ccc0       goron_decrypt_string_eb    000000014002dcc0 f   cleaner.obj
 0001:0002cda0       goron_decrypt_string_ec    000000014002dda0 f   cleaner.obj
 0001:0002ce90       goron_decrypt_string_ed    000000014002de90 f   cleaner.obj
 0001:0002cf90       goron_decrypt_string_ee    000000014002df90 f   cleaner.obj
 0001:0002d090       goron_decrypt_string_ef    000000014002e090 f   cleaner.obj
 0001:0002d180       goron_decrypt_string_f0    000000014002e180 f   cleaner.obj
 0001:0002d280       goron_decrypt_string_f1    000000014002e280 f   cleaner.obj
 0001:0002d360       goron_decrypt_string_f2    000000014002e360 f   cleaner.obj
 0001:0002d460       goron_decrypt_string_f3    000000014002e460 f   cleaner.obj
 0001:0002d550       goron_decrypt_string_f4    000000014002e550 f   cleaner.obj
 0001:0002d640       goron_decrypt_string_f5    000000014002e640 f   cleaner.obj
 0001:0002d740       goron_decrypt_string_f6    000000014002e740 f   cleaner.obj
 0001:0002d820       goron_decrypt_string_f7    000000014002e820 f   cleaner.obj
 0001:0002d920       goron_decrypt_string_fb    000000014002e920 f   cleaner.obj
 0001:0002da10       goron_decrypt_string_fc    000000014002ea10 f   cleaner.obj
 0001:0002daf0       goron_decrypt_string_fd    000000014002eaf0 f   cleaner.obj
 0001:0002dbd0       goron_decrypt_string_fe    000000014002ebd0 f   cleaner.obj
 0001:0002dcd0       goron_decrypt_string_ff    000000014002ecd0 f   cleaner.obj
 0001:0002ddd0       goron_decrypt_string_100   000000014002edd0 f   cleaner.obj
 0001:0002deb0       goron_decrypt_string_101   000000014002eeb0 f   cleaner.obj
 0001:0002dfb0       goron_decrypt_string_102   000000014002efb0 f   cleaner.obj
 0001:0002e0b0       goron_decrypt_string_103   000000014002f0b0 f   cleaner.obj
 0001:0002eef0       goron_decrypt_string_0     000000014002fef0 f   pdb_resolver.obj
 0001:0002eff0       goron_decrypt_string_1     000000014002fff0 f   pdb_resolver.obj
 0001:0002f0e0       goron_decrypt_string_2     00000001400300e0 f   pdb_resolver.obj
 0001:0002f1c0       goron_decrypt_string_3     00000001400301c0 f   pdb_resolver.obj
 0001:0002f2d0       goron_decrypt_string_4     00000001400302d0 f   pdb_resolver.obj
 0001:0002f3b0       goron_decrypt_string_5     00000001400303b0 f   pdb_resolver.obj
 0001:0002f4b0       goron_decrypt_string_6     00000001400304b0 f   pdb_resolver.obj
 0001:0002f5a0       goron_decrypt_string_7     00000001400305a0 f   pdb_resolver.obj
 0001:0002f680       goron_decrypt_string_8     0000000140030680 f   pdb_resolver.obj
 0001:0002f780       goron_decrypt_string_9     0000000140030780 f   pdb_resolver.obj
 0001:0002f870       goron_decrypt_string_a     0000000140030870 f   pdb_resolver.obj
 0001:0002f960       goron_decrypt_string_b     0000000140030960 f   pdb_resolver.obj
 0001:0002fa50       goron_decrypt_string_c     0000000140030a50 f   pdb_resolver.obj
 0001:0002fb30       goron_decrypt_string_d     0000000140030b30 f   pdb_resolver.obj
 0001:0002fc30       goron_decrypt_string_e     0000000140030c30 f   pdb_resolver.obj
 0001:0002fd20       goron_decrypt_string_f     0000000140030d20 f   pdb_resolver.obj
 0001:0002fe90       $$000000                   0000000140030e90     msvcrt:chkstk.obj
 0001:0002fef0       ??$__std_find_trivial_impl@U_Find_traits_1@?A0x8417fefe@@E@?A0x8417fefe@@YAPEBXPEBX0E@Z 0000000140030ef0 f   msvcprt:vector_algorithms.obj
 0001:00030000       ??$__std_search_impl@U_Find_traits_1@?A0x8417fefe@@E@?A0x8417fefe@@YAPEBXPEBXQEBX1_K@Z 0000000140031000 f   msvcprt:vector_algorithms.obj
 0001:000303c0       $$000000                   00000001400313c0     msvcrt:amdsecgs.obj
 0001:0003075c       capture_previous_context   000000014003175c f   msvcrt:gs_report.obj
 0001:00030804       ?pre_c_initialization@@YAHXZ 0000000140031804 f   msvcrt:exe_main.obj
 0001:000308bc       ?post_pgo_initialization@@YAHXZ 00000001400318bc f   msvcrt:exe_main.obj
 0001:000308cc       ?pre_cpp_initialization@@YAXXZ 00000001400318cc f   msvcrt:exe_main.obj
 0001:000308e8       ?__scrt_common_main_seh@@YAHXZ 00000001400318e8 f   msvcrt:exe_main.obj
 0001:000310b0       $$000000                   00000001400320b0     odbccp32:guard_dispatch.obj
 0001:000310d0       $$000000                   00000001400320d0     odbccp32:guard_xfg_dispatch.obj
 0001:000310d6       ?filt$0@?0??__scrt_common_main_seh@@YAHXZ@4HA 00000001400320d6 f   msvcrt:exe_main.obj
 0001:000310f4       __scrt_is_nonwritable_in_current_image$filt$0 00000001400320f4 f   msvcrt:utility.obj
 0002:0000b370       ?_Remove_tables_1_sse@?A0x8417fefe@@3U?$_Remove_tables@$0BAA@$07@1@B 000000014003e370     msvcprt:vector_algorithms.obj
 0002:0000bc70       ?_Remove_tables_2_sse@?A0x8417fefe@@3U?$_Remove_tables@$0BAA@$0BA@@1@B 000000014003ec70     msvcprt:vector_algorithms.obj
 0002:0000cd70       ?_Remove_tables_4_sse@?A0x8417fefe@@3U?$_Remove_tables@$0BA@$0BA@@1@B 000000014003fd70     msvcprt:vector_algorithms.obj
 0002:0000ce80       ?_Remove_tables_4_avx@?A0x8417fefe@@3U?$_Remove_tables@$0BAA@$07@1@B 000000014003fe80     msvcprt:vector_algorithms.obj
 0002:0000d780       ?_Remove_tables_8_sse@?A0x8417fefe@@3U?$_Remove_tables@$03$0BA@@1@B 0000000140040780     msvcprt:vector_algorithms.obj
 0002:0000d7d0       ?_Remove_tables_8_avx@?A0x8417fefe@@3U?$_Remove_tables@$0BA@$07@1@B 00000001400407d0     msvcprt:vector_algorithms.obj
 0002:0000d860       ?_Tail_masks@?1??_Avx2_tail_mask_32@?A0x8417fefe@@YA?AT__m256i@@_K@Z@4QBIB 0000000140040860     msvcprt:vector_algorithms.obj
 0002:0000d8b0       GS_ExceptionPointers       00000001400408b0     msvcrt:gs_report.obj
 0002:0000db98       ?pre_cpp_initializer@@3P6AXXZEA 0000000140040b98     msvcrt:exe_main.obj
 0002:0000dbb0       ?pre_c_initializer@@3P6AHXZEA 0000000140040bb0     msvcrt:exe_main.obj
 0002:0000dbb8       ?post_pgo_initializer@@3P6AHXZEA 0000000140040bb8     msvcrt:exe_main.obj
 0002:0000f114       $unwind$??2@YAPEAX_K@Z     0000000140042114     msvcrt:new_scalar.obj
 0002:0000f114       $unwind$??_Gtype_info@@UEAAPEAXI@Z 0000000140042114     msvcrt:std_type_info_static.obj
 0002:0000f114       $unwind$??0exception@std@@QEAA@AEBV01@@Z 0000000140042114     msvcrt:throw_bad_alloc.obj
 0002:0000f114       $unwind$??0bad_alloc@std@@QEAA@AEBV01@@Z 0000000140042114     msvcrt:throw_bad_alloc.obj
 0002:0000f114       $unwind$??0bad_array_new_length@std@@QEAA@AEBV01@@Z 0000000140042114     msvcrt:throw_bad_alloc.obj
 0002:0000f114       $unwind$__raise_securityfailure 0000000140042114     msvcrt:gs_report.obj
 0002:0000f114       $unwind$?pre_c_initialization@@YAHXZ 0000000140042114     msvcrt:exe_main.obj
 0002:0000f114       $unwind$_onexit            0000000140042114     msvcrt:utility.obj
 0002:0000f114       $unwind$__scrt_release_startup_lock 0000000140042114     msvcrt:utility.obj
 0002:0000f114       $unwind$__scrt_uninitialize_crt 0000000140042114     msvcrt:utility.obj
 0002:0000f114       $unwind$__scrt_initialize_onexit_tables 0000000140042114     msvcrt:utility.obj
 0002:0000f120       $xdatasym                  0000000140042120     msvcrt:chkstk.obj
 0002:0000f128       $unwind$??$__std_search_impl@U_Find_traits_1@?A0x8417fefe@@E@?A0x8417fefe@@YAPEBXPEBXQEBX1_K@Z 0000000140042128     msvcprt:vector_algorithms.obj
 0002:0000f13c       $chain$2$??$__std_search_impl@U_Find_traits_1@?A0x8417fefe@@E@?A0x8417fefe@@YAPEBXPEBXQEBX1_K@Z 000000014004213c     msvcprt:vector_algorithms.obj
 0002:0000f158       $chain$3$??$__std_search_impl@U_Find_traits_1@?A0x8417fefe@@E@?A0x8417fefe@@YAPEBXPEBXQEBX1_K@Z 0000000140042158     msvcprt:vector_algorithms.obj
 0002:0000f168       $chain$4$??$__std_search_impl@U_Find_traits_1@?A0x8417fefe@@E@?A0x8417fefe@@YAPEBXPEBXQEBX1_K@Z 0000000140042168     msvcprt:vector_algorithms.obj
 0002:0000f184       $unwind$?__scrt_throw_std_bad_alloc@@YAXXZ 0000000140042184     msvcrt:throw_bad_alloc.obj
 0002:0000f184       $unwind$?__scrt_throw_std_bad_array_new_length@@YAXXZ 0000000140042184     msvcrt:throw_bad_alloc.obj
 0002:0000f18c       $unwind$__GSHandlerCheckCommon 000000014004218c     msvcrt:gshandler.obj
 0002:0000f198       $xdatasym                  0000000140042198     msvcrt:amdsecgs.obj
 0002:0000f19c       $unwind$__isa_available_init 000000014004219c     msvcrt:cpu_disp.obj
 0002:0000f1b0       $unwind$__report_gsfailure 00000001400421b0     msvcrt:gs_report.obj
 0002:0000f1b8       $unwind$capture_previous_context 00000001400421b8     msvcrt:gs_report.obj
 0002:0000f1c4       $unwind$__GSHandlerCheck   00000001400421c4     msvcrt:gshandler.obj
 0002:0000f1c4       $unwind$?post_pgo_initialization@@YAHXZ 00000001400421c4     msvcrt:exe_main.obj
 0002:0000f1c4       $unwind$?pre_cpp_initialization@@YAXXZ 00000001400421c4     msvcrt:exe_main.obj
 0002:0000f1c4       $unwind$mainCRTStartup     00000001400421c4     msvcrt:exe_main.obj
 0002:0000f1c4       $unwind$atexit             00000001400421c4     msvcrt:utility.obj
 0002:0000f1c4       $unwind$__scrt_acquire_startup_lock 00000001400421c4     msvcrt:utility.obj
 0002:0000f1c4       $unwind$__scrt_initialize_crt 00000001400421c4     msvcrt:utility.obj
 0002:0000f1c4       $unwind$__scrt_initialize_default_local_stdio_options 00000001400421c4     msvcrt:default_local_stdio_options.obj
 0002:0000f1c4       $unwind$__scrt_is_managed_app 00000001400421c4     msvcrt:utility_desktop.obj
 0002:0000f1cc       $unwind$?__scrt_common_main_seh@@YAHXZ 00000001400421cc     msvcrt:exe_main.obj
 0002:0000f204       $unwind$?filt$0@?0??__scrt_common_main_seh@@YAHXZ@4HA 0000000140042204     msvcrt:exe_main.obj
 0002:0000f20c       $unwind$__scrt_is_nonwritable_in_current_image 000000014004220c     msvcrt:utility.obj
 0002:0000f22c       $unwind$__scrt_is_nonwritable_in_current_image$filt$0 000000014004222c     msvcrt:utility.obj
 0002:0000f234       $unwind$__security_init_cookie 0000000140042234     msvcrt:gs_support.obj
 0002:0000f240       $unwind$__scrt_fastfail    0000000140042240     msvcrt:utility_desktop.obj
 0002:0000f250       $unwind$__scrt_unhandled_exception_filter 0000000140042250     msvcrt:utility_desktop.obj
 0002:0000f250       $unwind$_RTC_Initialize    0000000140042250     msvcrt:initsect.obj
 0002:0000f250       $unwind$_RTC_Terminate     0000000140042250     msvcrt:initsect.obj
 0002:0000f260       $xdatasym$_guard_dispatch_icall_nop 0000000140042260     odbccp32:guard_dispatch.obj
 0002:0000f260       $xdatasym                  0000000140042260     odbccp32:guard_dispatch.obj
 0002:0000f260       $xdatasym$_guard_xfg_dispatch_icall_nop 0000000140042260     odbccp32:guard_xfg_dispatch.obj
 0002:0000f268       $xdatasym                  0000000140042268     odbccp32:guard_xfg_dispatch.obj
 0003:00000b50       g_hSpoofer                 0000000140043b50     spoofer_driver_client.obj
 0003:000014c8       s_hDrv                     00000001400444c8     spoofer_registry.obj
 0003:000014d0       s_log                      00000001400444d0     spoofer_registry.obj
 0003:00009c70       s_status                   000000014004cc70     spoofer_registry.obj
 0003:00009c90       s_seedPath                 000000014004cc90     spoofer_registry.obj
 0003:00009da0       s_logPath                  000000014004cda0     spoofer_registry.obj
 0003:00009eb0       s_sid                      000000014004ceb0     spoofer_registry.obj
 0003:00009ef0       s_seed                     000000014004cef0     spoofer_registry.obj
 0003:0000f110       GS_ExceptionRecord         0000000140052110     msvcrt:gs_report.obj
 0003:0000f1b0       GS_ContextRecord           00000001400521b0     msvcrt:gs_report.obj
 0003:0000f690       ?is_initialized_as_dll@@3_NA 0000000140052690     msvcrt:utility.obj
 0003:0000f691       ?module_local_atexit_table_initialized@@3_NA 0000000140052691     msvcrt:utility.obj
 0003:0000f698       ?module_local_atexit_table@@3U_onexit_table_t@@A 0000000140052698     msvcrt:utility.obj
 0003:0000f6b0       ?module_local_at_quick_exit_table@@3U_onexit_table_t@@A 00000001400526b0     msvcrt:utility.obj
 0004:00001854       $pdata$??2@YAPEAX_K@Z      0000000140054854     msvcrt:new_scalar.obj
 0004:00001860       $pdata$??_Gtype_info@@UEAAPEAXI@Z 0000000140054860     msvcrt:std_type_info_static.obj
 0004:00001878       $pdata$??$__std_search_impl@U_Find_traits_1@?A0x8417fefe@@E@?A0x8417fefe@@YAPEBXPEBXQEBX1_K@Z 0000000140054878     msvcprt:vector_algorithms.obj
 0004:00001884       $pdata$2$??$__std_search_impl@U_Find_traits_1@?A0x8417fefe@@E@?A0x8417fefe@@YAPEBXPEBXQEBX1_K@Z 0000000140054884     msvcprt:vector_algorithms.obj
 0004:00001890       $pdata$3$??$__std_search_impl@U_Find_traits_1@?A0x8417fefe@@E@?A0x8417fefe@@YAPEBXPEBXQEBX1_K@Z 0000000140054890     msvcprt:vector_algorithms.obj
 0004:0000189c       $pdata$4$??$__std_search_impl@U_Find_traits_1@?A0x8417fefe@@E@?A0x8417fefe@@YAPEBXPEBXQEBX1_K@Z 000000014005489c     msvcprt:vector_algorithms.obj
 0004:000018a8       $pdata$??0exception@std@@QEAA@AEBV01@@Z 00000001400548a8     msvcrt:throw_bad_alloc.obj
 0004:000018b4       $pdata$??0bad_alloc@std@@QEAA@AEBV01@@Z 00000001400548b4     msvcrt:throw_bad_alloc.obj
 0004:000018c0       $pdata$??0bad_array_new_length@std@@QEAA@AEBV01@@Z 00000001400548c0     msvcrt:throw_bad_alloc.obj
 0004:000018cc       $pdata$?__scrt_throw_std_bad_alloc@@YAXXZ 00000001400548cc     msvcrt:throw_bad_alloc.obj
 0004:000018d8       $pdata$?__scrt_throw_std_bad_array_new_length@@YAXXZ 00000001400548d8     msvcrt:throw_bad_alloc.obj
 0004:000018e4       $pdata$__GSHandlerCheckCommon 00000001400548e4     msvcrt:gshandler.obj
 0004:000018f0       $pdata$__GSHandlerCheck    00000001400548f0     msvcrt:gshandler.obj
 0004:00001908       $pdata$__isa_available_init 0000000140054908     msvcrt:cpu_disp.obj
 0004:00001914       $pdata$__report_gsfailure  0000000140054914     msvcrt:gs_report.obj
 0004:00001920       $pdata$capture_previous_context 0000000140054920     msvcrt:gs_report.obj
 0004:0000192c       $pdata$__raise_securityfailure 000000014005492c     msvcrt:gs_report.obj
 0004:00001938       $pdata$?pre_c_initialization@@YAHXZ 0000000140054938     msvcrt:exe_main.obj
 0004:00001944       $pdata$?post_pgo_initialization@@YAHXZ 0000000140054944     msvcrt:exe_main.obj
 0004:00001950       $pdata$?pre_cpp_initialization@@YAXXZ 0000000140054950     msvcrt:exe_main.obj
 0004:0000195c       $pdata$?__scrt_common_main_seh@@YAHXZ 000000014005495c     msvcrt:exe_main.obj
 0004:00001968       $pdata$?filt$0@?0??__scrt_common_main_seh@@YAHXZ@4HA 0000000140054968     msvcrt:exe_main.obj
 0004:00001974       $pdata$mainCRTStartup      0000000140054974     msvcrt:exe_main.obj
 0004:00001980       $pdata$atexit              0000000140054980     msvcrt:utility.obj
 0004:0000198c       $pdata$_onexit             000000014005498c     msvcrt:utility.obj
 0004:00001998       $pdata$__scrt_is_nonwritable_in_current_image 0000000140054998     msvcrt:utility.obj
 0004:000019a4       $pdata$__scrt_is_nonwritable_in_current_image$filt$0 00000001400549a4     msvcrt:utility.obj
 0004:000019b0       $pdata$__scrt_acquire_startup_lock 00000001400549b0     msvcrt:utility.obj
 0004:000019bc       $pdata$__scrt_release_startup_lock 00000001400549bc     msvcrt:utility.obj
 0004:000019c8       $pdata$__scrt_initialize_crt 00000001400549c8     msvcrt:utility.obj
 0004:000019d4       $pdata$__scrt_uninitialize_crt 00000001400549d4     msvcrt:utility.obj
 0004:000019e0       $pdata$__scrt_initialize_onexit_tables 00000001400549e0     msvcrt:utility.obj
 0004:000019ec       $pdata$__security_init_cookie 00000001400549ec     msvcrt:gs_support.obj
 0004:000019f8       $pdata$__scrt_initialize_default_local_stdio_options 00000001400549f8     msvcrt:default_local_stdio_options.obj
 0004:00001a04       $pdata$__scrt_is_managed_app 0000000140054a04     msvcrt:utility_desktop.obj
 0004:00001a10       $pdata$__scrt_fastfail     0000000140054a10     msvcrt:utility_desktop.obj
 0004:00001a1c       $pdata$__scrt_unhandled_exception_filter 0000000140054a1c     msvcrt:utility_desktop.obj
 0004:00001a28       $pdata$_RTC_Initialize     0000000140054a28     msvcrt:initsect.obj
 0004:00001a34       $pdata$_RTC_Terminate      0000000140054a34     msvcrt:initsect.obj
 0005:00000060       $R000000                   0000000140055060     internal .obj file created from .res files
