 BeaZtSpoofer

 Timestamp is 6a57e56c (Wed Jul 15 21:54:20 2026)

 Preferred load address is 0000000140000000

 Start         Length     Name                   Class
 0001:00000000 00019a66H .text                   CODE
 0001:00019a68 0000127bH .text$mn                CODE
 0001:0001acf0 00000036H .text$mn$00             CODE
 0001:0001ad26 00000036H .text$x                 CODE
 0002:00000000 00006930H .rdata                  DATA
 0002:00006930 00000074H .rdata$r                DATA
 0002:000069e0 00000038H .00cfg                  DATA
 0002:00006a18 00000008H .CRT$XCA                DATA
 0002:00006a20 00000008H .CRT$XCAA               DATA
 0002:00006a28 00000008H .CRT$XCZ                DATA
 0002:00006a30 00000008H .CRT$XIA                DATA
 0002:00006a38 00000008H .CRT$XIAA               DATA
 0002:00006a40 00000008H .CRT$XIAC               DATA
 0002:00006a48 00000008H .CRT$XIZ                DATA
 0002:00006a50 00000008H .CRT$XPA                DATA
 0002:00006a58 00000008H .CRT$XPZ                DATA
 0002:00006a60 00000008H .CRT$XTA                DATA
 0002:00006a68 00000008H .CRT$XTZ                DATA
 0002:00007b48 00000008H .rtc$IAA                DATA
 0002:00007b50 00000008H .rtc$IZZ                DATA
 0002:00007b58 00000008H .rtc$TAA                DATA
 0002:00007b60 00000008H .rtc$TZZ                DATA
 0002:00007b68 00000218H .xdata                  DATA
 0002:00007d80 000000ecH .xdata$x                DATA
 0003:00000000 000045e4H .data                   DATA
 0003:000045e8 00000020H .data$rs                DATA
 0003:00004608 000027dcH .bss                    DATA
 0004:00000000 00000d2cH .pdata                  DATA
 0005:00000000 00000058H .rsrc$01                DATA
 0005:00000060 00000178H .rsrc$02                DATA

  Address         Publics by Value              Rva+Base               Lib:Object

 0000:00000000       __AbsoluteZero             0000000000000000     <absolute>
 0000:00000000       __guard_fids_table         0000000000000000     <absolute>
 0000:00000000       __guard_fids_count         0000000000000000     <absolute>
 0000:00000000       __guard_flags              0000000000000000     <absolute>
 0000:00000000       __guard_iat_table          0000000000000000     <absolute>
 0000:00000000       __guard_iat_count          0000000000000000     <absolute>
 0000:00000000       __guard_longjmp_table      0000000000000000     <absolute>
 0000:00000000       __guard_longjmp_count      0000000000000000     <absolute>
 0000:00000000       __enclave_config           0000000000000000     <absolute>
 0000:00000000       __guard_eh_cont_table      0000000000000000     <absolute>
 0000:00000000       __guard_eh_cont_count      0000000000000000     <absolute>
 0000:00000000       __AbsoluteZero             0000000000000000     <absolute>
 0000:00000003       @vol.md                    0000000000000003     <absolute>
 0000:00000003       @vol.md                    0000000000000003     <absolute>
 0000:00000003       @vol.md                    0000000000000003     <absolute>
 0000:00000003       @vol.md                    0000000000000003     <absolute>
 0000:00000003       @vol.md                    0000000000000003     <absolute>
 0000:00000003       @vol.md                    0000000000000003     <absolute>
 0000:00000003       @vol.md                    0000000000000003     <absolute>
 0000:00000003       @vol.md                    0000000000000003     <absolute>
 0000:00000003       @vol.md                    0000000000000003     <absolute>
 0000:00000003       @vol.md                    0000000000000003     <absolute>
 0000:00000003       @vol.md                    0000000000000003     <absolute>
 0000:00000003       @vol.md                    0000000000000003     <absolute>
 0000:00000003       @vol.md                    0000000000000003     <absolute>
 0000:00000003       @vol.md                    0000000000000003     <absolute>
 0000:00000003       @vol.md                    0000000000000003     <absolute>
 0000:00000003       @vol.md                    0000000000000003     <absolute>
 0000:00000003       @vol.md                    0000000000000003     <absolute>
 0000:00000003       @vol.md                    0000000000000003     <absolute>
 0000:00000003       @vol.md                    0000000000000003     <absolute>
 0000:00000003       @vol.md                    0000000000000003     <absolute>
 0000:00000003       @vol.md                    0000000000000003     <absolute>
 0000:00000003       @vol.md                    0000000000000003     <absolute>
 0000:00000003       @vol.md                    0000000000000003     <absolute>
 0000:00000003       @vol.md                    0000000000000003     <absolute>
 0000:00000003       @vol.md                    0000000000000003     <absolute>
 0000:00000003       @vol.md                    0000000000000003     <absolute>
 0000:00000003       @vol.md                    0000000000000003     <absolute>
 0000:00000003       @vol.md                    0000000000000003     <absolute>
 0000:00000003       @vol.md                    0000000000000003     <absolute>
 0000:00000003       @vol.md                    0000000000000003     <absolute>
 0000:00000003       @vol.md                    0000000000000003     <absolute>
 0000:00000003       @vol.md                    0000000000000003     <absolute>
 0000:00000003       @vol.md                    0000000000000003     <absolute>
 0000:00000003       @vol.md                    0000000000000003     <absolute>
 0000:00000003       @vol.md                    0000000000000003     <absolute>
 0000:00000000       __ImageBase                0000000140000000     <linker-defined>
 0001:00000000       main                       0000000140001000 f   SpooferCleanerMain.obj
 0001:00000ef0       printf                     0000000140001ef0 f   SpooferCleanerMain.obj
 0001:00000fa0       __local_stdio_printf_options 0000000140001fa0 f   SpooferCleanerMain.obj
 0001:00003af0       ?GetLastSpooferStatus@@YAAEBUSpooferStatus@@XZ 0000000140004af0 f   spoofer.obj
 0001:00003b00       ?RunSpoofer@@YA_NXZ        0000000140004b00 f   spoofer.obj
 0001:0000f5a0       ?find@?$basic_string@DU?$char_traits@D@std@@V?$allocator@D@2@@std@@QEBA_KQEBD_K@Z 00000001400105a0 f   spoofer.obj
 0001:0000f690       ??$_Construct@$00PEBD@?$basic_string@DU?$char_traits@D@std@@V?$allocator@D@2@@std@@AEAAXQEBD_K@Z 0000000140010690 f   spoofer.obj
 0001:0000f910       ?_Xlen_string@std@@YAXXZ   0000000140010910 f   spoofer.obj
 0001:0000f940       ??_Gbad_array_new_length@std@@UEAAPEAXI@Z 0000000140010940 f   spoofer.obj
 0001:0000f940       ??_Gbad_array_new_length@std@@UEAAPEAXI@Z 0000000140010940 f   spoofer.obj
 0001:0000f990       ?what@exception@std@@UEBAPEBDXZ 0000000140010990 f   spoofer.obj
 0001:0000f9d0       ??_Gbad_alloc@std@@UEAAPEAXI@Z 00000001400109d0 f   spoofer.obj
 0001:0000f9d0       ??_Gbad_alloc@std@@UEAAPEAXI@Z 00000001400109d0 f   spoofer.obj
 0001:0000fa20       ??_Gexception@std@@UEAAPEAXI@Z 0000000140010a20 f   spoofer.obj
 0001:0000fa20       ??_Gexception@std@@UEAAPEAXI@Z 0000000140010a20 f   spoofer.obj
 0001:00019a68       ??2@YAPEAX_K@Z             000000014001aa68 f   msvcrt:new_scalar.obj
 0001:00019aa4       ??3@YAXPEAX@Z              000000014001aaa4 f   msvcrt:delete_scalar.obj
 0001:00019aac       ??3@YAXPEAX_K@Z            000000014001aaac f   msvcrt:delete_scalar_size.obj
 0001:00019ab4       ??_Gtype_info@@UEAAPEAXI@Z 000000014001aab4 f   msvcrt:std_type_info_static.obj
 0001:00019ab4       ??_Gtype_info@@UEAAPEAXI@Z 000000014001aab4 f   msvcrt:std_type_info_static.obj
 0001:00019af0       __chkstk                   000000014001aaf0 f   msvcrt:chkstk.obj
 0001:00019af0       _alloca_probe              000000014001aaf0 f   msvcrt:chkstk.obj
 0001:00019c40       __std_search_1             000000014001ac40 f   msvcprt:vector_algorithms.obj
 0001:00019e3c       ??0exception@std@@QEAA@AEBV01@@Z 000000014001ae3c f   msvcrt:throw_bad_alloc.obj
 0001:00019e70       ??0bad_alloc@std@@QEAA@XZ  000000014001ae70 f   msvcrt:throw_bad_alloc.obj
 0001:00019e94       ??0bad_alloc@std@@QEAA@AEBV01@@Z 000000014001ae94 f   msvcrt:throw_bad_alloc.obj
 0001:00019ed0       ??0bad_array_new_length@std@@QEAA@XZ 000000014001aed0 f   msvcrt:throw_bad_alloc.obj
 0001:00019ef4       ??1bad_alloc@std@@UEAA@XZ  000000014001aef4 f   msvcrt:throw_bad_alloc.obj
 0001:00019ef4       ??1bad_array_new_length@std@@UEAA@XZ 000000014001aef4 f   msvcrt:throw_bad_alloc.obj
 0001:00019f08       ??0bad_array_new_length@std@@QEAA@AEBV01@@Z 000000014001af08 f   msvcrt:throw_bad_alloc.obj
 0001:00019f44       ?__scrt_throw_std_bad_alloc@@YAXXZ 000000014001af44 f   msvcrt:throw_bad_alloc.obj
 0001:00019f64       ?__scrt_throw_std_bad_array_new_length@@YAXXZ 000000014001af64 f   msvcrt:throw_bad_alloc.obj
 0001:00019f84       __GSHandlerCheckCommon     000000014001af84 f   msvcrt:gshandler.obj
 0001:00019fe4       __GSHandlerCheck           000000014001afe4 f   msvcrt:gshandler.obj
 0001:0001a020       __security_check_cookie    000000014001b020 f   msvcrt:amdsecgs.obj
 0001:0001a040       __isa_available_init       000000014001b040 f   msvcrt:cpu_disp.obj
 0001:0001a2d8       __report_gsfailure         000000014001b2d8 f   msvcrt:gs_report.obj
 0001:0001a420       __raise_securityfailure    000000014001b420 f   msvcrt:gs_report.obj
 0001:0001a6b4       mainCRTStartup             000000014001b6b4 f   msvcrt:exe_main.obj
 0001:0001a6c8       atexit                     000000014001b6c8 f   msvcrt:utility.obj
 0001:0001a6e0       _onexit                    000000014001b6e0 f   msvcrt:utility.obj
 0001:0001a71c       __scrt_is_nonwritable_in_current_image 000000014001b71c f   msvcrt:utility.obj
 0001:0001a7b4       __scrt_acquire_startup_lock 000000014001b7b4 f   msvcrt:utility.obj
 0001:0001a7f0       __scrt_release_startup_lock 000000014001b7f0 f   msvcrt:utility.obj
 0001:0001a814       __scrt_initialize_crt      000000014001b814 f   msvcrt:utility.obj
 0001:0001a850       __scrt_uninitialize_crt    000000014001b850 f   msvcrt:utility.obj
 0001:0001a87c       __scrt_initialize_onexit_tables 000000014001b87c f   msvcrt:utility.obj
 0001:0001a908       __security_init_cookie     000000014001b908 f   msvcrt:gs_support.obj
 0001:0001a9b8       _get_startup_argv_mode     000000014001b9b8 f   msvcrt:argv_mode.obj
 0001:0001a9c0       _get_startup_file_mode     000000014001b9c0 f   msvcrt:file_mode.obj
 0001:0001a9c8       ?__scrt_initialize_type_info@@YAXXZ 000000014001b9c8 f   msvcrt:tncleanup.obj
 0001:0001a9d8       _initialize_invalid_parameter_handler 000000014001b9d8 f   msvcrt:invalid_parameter_handler.obj
 0001:0001a9d8       _initialize_denormal_control 000000014001b9d8 f   msvcrt:denormal_control.obj
 0001:0001a9dc       __scrt_initialize_default_local_stdio_options 000000014001b9dc f   msvcrt:default_local_stdio_options.obj
 0001:0001a9f8       __local_stdio_scanf_options 000000014001b9f8 f   msvcrt:default_local_stdio_options.obj
 0001:0001aa00       __scrt_is_user_matherr_present 000000014001ba00 f   msvcrt:matherr_detection.obj
 0001:0001aa0c       __scrt_get_dyn_tls_init_callback 000000014001ba0c f   msvcrt:dyn_tls_init.obj
 0001:0001aa14       __scrt_get_dyn_tls_dtor_callback 000000014001ba14 f   msvcrt:dyn_tls_dtor.obj
 0001:0001aa1c       __crt_debugger_hook        000000014001ba1c f   msvcrt:utility_desktop.obj
 0001:0001aa28       __scrt_is_managed_app      000000014001ba28 f   msvcrt:utility_desktop.obj
 0001:0001aa7c       __scrt_initialize_mta      000000014001ba7c f   msvcrt:utility_desktop.obj
 0001:0001aa84       __scrt_set_unhandled_exception_filter 000000014001ba84 f   msvcrt:utility_desktop.obj
 0001:0001aa94       __scrt_fastfail            000000014001ba94 f   msvcrt:utility_desktop.obj
 0001:0001abe0       _matherr                   000000014001bbe0 f   msvcrt:matherr.obj
 0001:0001abe0       _get_startup_commit_mode   000000014001bbe0 f   msvcrt:commit_mode.obj
 0001:0001abe0       _get_startup_new_mode      000000014001bbe0 f   msvcrt:new_mode.obj
 0001:0001abe0       _get_startup_thread_locale_mode 000000014001bbe0 f   msvcrt:thread_locale.obj
 0001:0001abe0       __scrt_initialize_winrt    000000014001bbe0 f   msvcrt:utility_desktop.obj
 0001:0001abe0       __scrt_stub_for_initialize_mta 000000014001bbe0 f   msvcrt:utility_desktop.obj
 0001:0001abe0       __scrt_stub_for_initialize_mta 000000014001bbe0 f   msvcrt:utility_desktop.obj
 0001:0001abe4       __scrt_unhandled_exception_filter 000000014001bbe4 f   msvcrt:utility_desktop.obj
 0001:0001ac48       _RTC_Initialize            000000014001bc48 f   msvcrt:initsect.obj
 0001:0001ac84       _RTC_Terminate             000000014001bc84 f   msvcrt:initsect.obj
 0001:0001acc0       __scrt_is_ucrt_dll_in_use  000000014001bcc0 f   msvcrt:ucrt_detection.obj
 0001:0001acd0       _guard_check_icall_nop     000000014001bcd0 f   odbccp32:guard_check.obj
 0001:0001ace0       _should_initialize_environment 000000014001bce0 f   msvcrt:env_mode.obj
 0001:0001ace0       __scrt_stub_for_acrt_initialize 000000014001bce0 f   msvcrt:ucrt_stubs.obj
 0001:0001ace0       __scrt_stub_for_acrt_uninitialize 000000014001bce0 f   msvcrt:ucrt_stubs.obj
 0001:0001ace0       __scrt_stub_for_acrt_initialize 000000014001bce0 f   msvcrt:ucrt_stubs.obj
 0001:0001ace0       __scrt_stub_for_acrt_uninitialize 000000014001bce0 f   msvcrt:ucrt_stubs.obj
 0001:0001ace0       __scrt_stub_for_acrt_initialize 000000014001bce0 f   msvcrt:ucrt_stubs.obj
 0001:0001ace0       __scrt_stub_for_acrt_uninitialize 000000014001bce0 f   msvcrt:ucrt_stubs.obj
 0001:0001ad00       _guard_dispatch_icall_nop  000000014001bd00 f   odbccp32:guard_dispatch.obj
 0001:0001ad20       _guard_xfg_dispatch_icall_nop 000000014001bd20 f   odbccp32:guard_xfg_dispatch.obj
 0001:0001ad60       ?_Xlength_error@std@@YAXPEBD@Z 000000014001bd60     msvcprt:MSVCP140.dll
 0001:0001ad70       _CxxThrowException         000000014001bd70     vcruntime:VCRUNTIME140.dll
 0001:0001ad80       __C_specific_handler       000000014001bd80     vcruntime:VCRUNTIME140.dll
 0001:0001ad90       __current_exception        000000014001bd90     vcruntime:VCRUNTIME140.dll
 0001:0001ada0       __current_exception_context 000000014001bda0     vcruntime:VCRUNTIME140.dll
 0001:0001adb0       __std_exception_copy       000000014001bdb0     vcruntime:VCRUNTIME140.dll
 0001:0001adc0       __std_exception_destroy    000000014001bdc0     vcruntime:VCRUNTIME140.dll
 0001:0001add0       memcmp                     000000014001bdd0     vcruntime:VCRUNTIME140.dll
 0001:0001ade0       memcpy                     000000014001bde0     vcruntime:VCRUNTIME140.dll
 0001:0001adf0       memset                     000000014001bdf0     vcruntime:VCRUNTIME140.dll
 0001:0001ae00       strstr                     000000014001be00     vcruntime:VCRUNTIME140.dll
 0001:0001ae10       __p___argc                 000000014001be10     ucrt:api-ms-win-crt-runtime-l1-1-0.dll
 0001:0001ae20       __p___argv                 000000014001be20     ucrt:api-ms-win-crt-runtime-l1-1-0.dll
 0001:0001ae30       __p__commode               000000014001be30     ucrt:api-ms-win-crt-stdio-l1-1-0.dll
 0001:0001ae40       __setusermatherr           000000014001be40     ucrt:api-ms-win-crt-math-l1-1-0.dll
 0001:0001ae50       _c_exit                    000000014001be50     ucrt:api-ms-win-crt-runtime-l1-1-0.dll
 0001:0001ae60       _callnewh                  000000014001be60     ucrt:api-ms-win-crt-heap-l1-1-0.dll
 0001:0001ae70       _cexit                     000000014001be70     ucrt:api-ms-win-crt-runtime-l1-1-0.dll
 0001:0001ae80       _configthreadlocale        000000014001be80     ucrt:api-ms-win-crt-locale-l1-1-0.dll
 0001:0001ae90       _configure_narrow_argv     000000014001be90     ucrt:api-ms-win-crt-runtime-l1-1-0.dll
 0001:0001aea0       _crt_atexit                000000014001bea0     ucrt:api-ms-win-crt-runtime-l1-1-0.dll
 0001:0001aeb0       _exit                      000000014001beb0     ucrt:api-ms-win-crt-runtime-l1-1-0.dll
 0001:0001aec0       _get_initial_narrow_environment 000000014001bec0     ucrt:api-ms-win-crt-runtime-l1-1-0.dll
 0001:0001aed0       _initialize_narrow_environment 000000014001bed0     ucrt:api-ms-win-crt-runtime-l1-1-0.dll
 0001:0001aee0       _initialize_onexit_table   000000014001bee0     ucrt:api-ms-win-crt-runtime-l1-1-0.dll
 0001:0001aef0       _initterm                  000000014001bef0     ucrt:api-ms-win-crt-runtime-l1-1-0.dll
 0001:0001af00       _initterm_e                000000014001bf00     ucrt:api-ms-win-crt-runtime-l1-1-0.dll
 0001:0001af10       _register_onexit_function  000000014001bf10     ucrt:api-ms-win-crt-runtime-l1-1-0.dll
 0001:0001af20       _register_thread_local_exe_atexit_callback 000000014001bf20     ucrt:api-ms-win-crt-runtime-l1-1-0.dll
 0001:0001af30       _seh_filter_exe            000000014001bf30     ucrt:api-ms-win-crt-runtime-l1-1-0.dll
 0001:0001af40       _set_app_type              000000014001bf40     ucrt:api-ms-win-crt-runtime-l1-1-0.dll
 0001:0001af50       _set_fmode                 000000014001bf50     ucrt:api-ms-win-crt-stdio-l1-1-0.dll
 0001:0001af60       _set_new_mode              000000014001bf60     ucrt:api-ms-win-crt-heap-l1-1-0.dll
 0001:0001af70       exit                       000000014001bf70     ucrt:api-ms-win-crt-runtime-l1-1-0.dll
 0001:0001af80       free                       000000014001bf80     ucrt:api-ms-win-crt-heap-l1-1-0.dll
 0001:0001af90       malloc                     000000014001bf90     ucrt:api-ms-win-crt-heap-l1-1-0.dll
 0001:0001afa0       putchar                    000000014001bfa0     ucrt:api-ms-win-crt-stdio-l1-1-0.dll
 0001:0001afb0       puts                       000000014001bfb0     ucrt:api-ms-win-crt-stdio-l1-1-0.dll
 0001:0001afc0       strlen                     000000014001bfc0     ucrt:api-ms-win-crt-string-l1-1-0.dll
 0001:0001afd0       terminate                  000000014001bfd0     ucrt:api-ms-win-crt-runtime-l1-1-0.dll
 0002:00004118       ??_7bad_array_new_length@std@@6B@ 0000000140020118     spoofer.obj
 0002:00004130       ??_R4bad_array_new_length@std@@6B@ 0000000140020130     spoofer.obj
 0002:00004148       ??_R3bad_array_new_length@std@@8 0000000140020148     spoofer.obj
 0002:00004158       ??_R2bad_array_new_length@std@@8 0000000140020158     spoofer.obj
 0002:00004170       ??_R1A@?0A@EA@bad_array_new_length@std@@8 0000000140020170     spoofer.obj
 0002:00004190       ??_R1A@?0A@EA@bad_alloc@std@@8 0000000140020190     spoofer.obj
 0002:000041b0       ??_R3bad_alloc@std@@8      00000001400201b0     spoofer.obj
 0002:000041c0       ??_R2bad_alloc@std@@8      00000001400201c0     spoofer.obj
 0002:000041d0       ??_R1A@?0A@EA@exception@std@@8 00000001400201d0     spoofer.obj
 0002:000041f0       ??_R3exception@std@@8      00000001400201f0     spoofer.obj
 0002:00004200       ??_R2exception@std@@8      0000000140020200     spoofer.obj
 0002:00004218       ??_7bad_alloc@std@@6B@     0000000140020218     spoofer.obj
 0002:00004230       ??_R4bad_alloc@std@@6B@    0000000140020230     spoofer.obj
 0002:00004258       ??_7exception@std@@6B@     0000000140020258     spoofer.obj
 0002:00004270       ??_R4exception@std@@6B@    0000000140020270     spoofer.obj
 0002:00004290       ??_7type_info@@6B@         0000000140020290     msvcrt:std_type_info_static.obj
 0002:000067d0       __xmm@ffffffffffffffffffffffffffffffff 00000001400227d0     msvcprt:vector_algorithms.obj
 0002:000067f0       _load_config_used          00000001400227f0     msvcrt:loadcfg.obj
 0002:00006930       ??_R4type_info@@6B@        0000000140022930     msvcrt:std_type_info_static.obj
 0002:00006958       ??_R3type_info@@8          0000000140022958     msvcrt:std_type_info_static.obj
 0002:00006970       ??_R2type_info@@8          0000000140022970     msvcrt:std_type_info_static.obj
 0002:00006980       ??_R1A@?0A@EA@type_info@@8 0000000140022980     msvcrt:std_type_info_static.obj
 0002:000069a4       ??_C@_1BE@OALGLELH@?$AA?2?$AA?2?$AA?4?$AA?2?$AAB?$AAf?$AAo?$AA6?$AA4?$AA?$AA@ 00000001400229a4     spoofer.obj
 0002:000069b8       ??_C@_0P@GHFPNOJB@bad?5allocation@ 00000001400229b8     msvcrt:throw_bad_alloc.obj
 0002:000069c8       ??_C@_0BF@KINCDENJ@bad?5array?5new?5length@ 00000001400229c8     msvcrt:throw_bad_alloc.obj
 0002:000069e0       __guard_check_icall_fptr   00000001400229e0     odbccp32:guard_support.obj
 0002:000069e8       __guard_dispatch_icall_fptr 00000001400229e8     odbccp32:guard_support.obj
 0002:000069f0       __guard_xfg_check_icall_fptr 00000001400229f0     odbccp32:guard_support.obj
 0002:000069f8       __guard_xfg_dispatch_icall_fptr 00000001400229f8     odbccp32:guard_support.obj
 0002:00006a00       __guard_xfg_table_dispatch_icall_fptr 0000000140022a00     odbccp32:guard_support.obj
 0002:00006a08       __castguard_check_failure_os_handled_fptr 0000000140022a08     odbccp32:guard_support.obj
 0002:00006a10       __guard_memcpy_fptr        0000000140022a10     vcruntime:softmemtag.obj
 0002:00006a18       __xc_a                     0000000140022a18     msvcrt:initializers.obj
 0002:00006a28       __xc_z                     0000000140022a28     msvcrt:initializers.obj
 0002:00006a30       __xi_a                     0000000140022a30     msvcrt:initializers.obj
 0002:00006a48       __xi_z                     0000000140022a48     msvcrt:initializers.obj
 0002:00006a50       __xp_a                     0000000140022a50     msvcrt:initializers.obj
 0002:00006a58       __xp_z                     0000000140022a58     msvcrt:initializers.obj
 0002:00006a60       __xt_a                     0000000140022a60     msvcrt:initializers.obj
 0002:00006a68       __xt_z                     0000000140022a68     msvcrt:initializers.obj
 0002:00006f38       __imp_CloseHandle          0000000140022f38     kernel32:KERNEL32.dll
 0002:00006f40       __imp_CreateFileA          0000000140022f40     kernel32:KERNEL32.dll
 0002:00006f48       __imp_CreateFileW          0000000140022f48     kernel32:KERNEL32.dll
 0002:00006f50       __imp_CreatePipe           0000000140022f50     kernel32:KERNEL32.dll
 0002:00006f58       __imp_CreateProcessA       0000000140022f58     kernel32:KERNEL32.dll
 0002:00006f60       __imp_DeleteFileA          0000000140022f60     kernel32:KERNEL32.dll
 0002:00006f68       __imp_DeviceIoControl      0000000140022f68     kernel32:KERNEL32.dll
 0002:00006f70       __imp_FindClose            0000000140022f70     kernel32:KERNEL32.dll
 0002:00006f78       __imp_FindFirstFileA       0000000140022f78     kernel32:KERNEL32.dll
 0002:00006f80       __imp_FindNextFileA        0000000140022f80     kernel32:KERNEL32.dll
 0002:00006f88       __imp_GetConsoleMode       0000000140022f88     kernel32:KERNEL32.dll
 0002:00006f90       __imp_GetCurrentProcess    0000000140022f90     kernel32:KERNEL32.dll
 0002:00006f98       __imp_GetCurrentProcessId  0000000140022f98     kernel32:KERNEL32.dll
 0002:00006fa0       __imp_GetCurrentThreadId   0000000140022fa0     kernel32:KERNEL32.dll
 0002:00006fa8       __imp_GetEnvironmentVariableA 0000000140022fa8     kernel32:KERNEL32.dll
 0002:00006fb0       __imp_GetModuleHandleW     0000000140022fb0     kernel32:KERNEL32.dll
 0002:00006fb8       __imp_GetStdHandle         0000000140022fb8     kernel32:KERNEL32.dll
 0002:00006fc0       __imp_GetSystemTimeAsFileTime 0000000140022fc0     kernel32:KERNEL32.dll
 0002:00006fc8       __imp_GetTempPathA         0000000140022fc8     kernel32:KERNEL32.dll
 0002:00006fd0       __imp_GetTickCount64       0000000140022fd0     kernel32:KERNEL32.dll
 0002:00006fd8       __imp_GetWindowsDirectoryA 0000000140022fd8     kernel32:KERNEL32.dll
 0002:00006fe0       __imp_InitializeSListHead  0000000140022fe0     kernel32:KERNEL32.dll
 0002:00006fe8       __imp_IsDebuggerPresent    0000000140022fe8     kernel32:KERNEL32.dll
 0002:00006ff0       __imp_IsProcessorFeaturePresent 0000000140022ff0     kernel32:KERNEL32.dll
 0002:00006ff8       __imp_QueryPerformanceCounter 0000000140022ff8     kernel32:KERNEL32.dll
 0002:00007000       __imp_ReadFile             0000000140023000     kernel32:KERNEL32.dll
 0002:00007008       __imp_RtlCaptureContext    0000000140023008     kernel32:KERNEL32.dll
 0002:00007010       __imp_RtlLookupFunctionEntry 0000000140023010     kernel32:KERNEL32.dll
 0002:00007018       __imp_RtlVirtualUnwind     0000000140023018     kernel32:KERNEL32.dll
 0002:00007020       __imp_SetConsoleMode       0000000140023020     kernel32:KERNEL32.dll
 0002:00007028       __imp_SetConsoleTextAttribute 0000000140023028     kernel32:KERNEL32.dll
 0002:00007030       __imp_SetConsoleTitleA     0000000140023030     kernel32:KERNEL32.dll
 0002:00007038       __imp_SetHandleInformation 0000000140023038     kernel32:KERNEL32.dll
 0002:00007040       __imp_SetLastError         0000000140023040     kernel32:KERNEL32.dll
 0002:00007048       __imp_SetUnhandledExceptionFilter 0000000140023048     kernel32:KERNEL32.dll
 0002:00007050       __imp_Sleep                0000000140023050     kernel32:KERNEL32.dll
 0002:00007058       __imp_TerminateProcess     0000000140023058     kernel32:KERNEL32.dll
 0002:00007060       __imp_UnhandledExceptionFilter 0000000140023060     kernel32:KERNEL32.dll
 0002:00007068       __imp_WaitForSingleObject  0000000140023068     kernel32:KERNEL32.dll
 0002:00007070       __imp_WriteConsoleA        0000000140023070     kernel32:KERNEL32.dll
 0002:00007078       __imp_WriteFile            0000000140023078     kernel32:KERNEL32.dll
 0002:00007080       __imp_lstrcatA             0000000140023080     kernel32:KERNEL32.dll
 0002:00007088       __imp_lstrcmpA             0000000140023088     kernel32:KERNEL32.dll
 0002:00007090       __imp_lstrcpynA            0000000140023090     kernel32:KERNEL32.dll
 0002:00007098       __imp_lstrlenA             0000000140023098     kernel32:KERNEL32.dll
 0002:000070a8       __imp_wsprintfA            00000001400230a8     user32:USER32.dll
 0002:000070b8       __imp_RegCloseKey          00000001400230b8     advapi32:ADVAPI32.dll
 0002:000070c0       __imp_RegDeleteTreeA       00000001400230c0     advapi32:ADVAPI32.dll
 0002:000070c8       __imp_RegDeleteValueA      00000001400230c8     advapi32:ADVAPI32.dll
 0002:000070d0       __imp_RegEnumKeyA          00000001400230d0     advapi32:ADVAPI32.dll
 0002:000070d8       __imp_RegEnumKeyExA        00000001400230d8     advapi32:ADVAPI32.dll
 0002:000070e0       __imp_RegOpenKeyExA        00000001400230e0     advapi32:ADVAPI32.dll
 0002:000070e8       __imp_RegQueryValueExA     00000001400230e8     advapi32:ADVAPI32.dll
 0002:000070f0       __imp_RegSetValueExA       00000001400230f0     advapi32:ADVAPI32.dll
 0002:00007100       __imp_?_Xlength_error@std@@YAXPEBD@Z 0000000140023100     msvcprt:MSVCP140.dll
 0002:00007110       __imp__CxxThrowException   0000000140023110     vcruntime:VCRUNTIME140.dll
 0002:00007118       __imp___C_specific_handler 0000000140023118     vcruntime:VCRUNTIME140.dll
 0002:00007120       __imp___current_exception  0000000140023120     vcruntime:VCRUNTIME140.dll
 0002:00007128       __imp___current_exception_context 0000000140023128     vcruntime:VCRUNTIME140.dll
 0002:00007130       __imp___std_exception_copy 0000000140023130     vcruntime:VCRUNTIME140.dll
 0002:00007138       __imp___std_exception_destroy 0000000140023138     vcruntime:VCRUNTIME140.dll
 0002:00007140       __imp_memcmp               0000000140023140     vcruntime:VCRUNTIME140.dll
 0002:00007148       __imp_memcpy               0000000140023148     vcruntime:VCRUNTIME140.dll
 0002:00007150       __imp_memset               0000000140023150     vcruntime:VCRUNTIME140.dll
 0002:00007158       __imp_strstr               0000000140023158     vcruntime:VCRUNTIME140.dll
 0002:00007168       __imp___acrt_iob_func      0000000140023168     ucrt:api-ms-win-crt-stdio-l1-1-0.dll
 0002:00007170       __imp___p__commode         0000000140023170     ucrt:api-ms-win-crt-stdio-l1-1-0.dll
 0002:00007178       __imp___stdio_common_vfprintf 0000000140023178     ucrt:api-ms-win-crt-stdio-l1-1-0.dll
 0002:00007180       __imp__set_fmode           0000000140023180     ucrt:api-ms-win-crt-stdio-l1-1-0.dll
 0002:00007188       __imp_putchar              0000000140023188     ucrt:api-ms-win-crt-stdio-l1-1-0.dll
 0002:00007190       __imp_puts                 0000000140023190     ucrt:api-ms-win-crt-stdio-l1-1-0.dll
 0002:000071a0       __imp__getch               00000001400231a0     ucrt:api-ms-win-crt-conio-l1-1-0.dll
 0002:000071b0       __imp___p___argc           00000001400231b0     ucrt:api-ms-win-crt-runtime-l1-1-0.dll
 0002:000071b8       __imp___p___argv           00000001400231b8     ucrt:api-ms-win-crt-runtime-l1-1-0.dll
 0002:000071c0       __imp__c_exit              00000001400231c0     ucrt:api-ms-win-crt-runtime-l1-1-0.dll
 0002:000071c8       __imp__cexit               00000001400231c8     ucrt:api-ms-win-crt-runtime-l1-1-0.dll
 0002:000071d0       __imp__configure_narrow_argv 00000001400231d0     ucrt:api-ms-win-crt-runtime-l1-1-0.dll
 0002:000071d8       __imp__crt_atexit          00000001400231d8     ucrt:api-ms-win-crt-runtime-l1-1-0.dll
 0002:000071e0       __imp__exit                00000001400231e0     ucrt:api-ms-win-crt-runtime-l1-1-0.dll
 0002:000071e8       __imp__get_initial_narrow_environment 00000001400231e8     ucrt:api-ms-win-crt-runtime-l1-1-0.dll
 0002:000071f0       __imp__initialize_narrow_environment 00000001400231f0     ucrt:api-ms-win-crt-runtime-l1-1-0.dll
 0002:000071f8       __imp__initialize_onexit_table 00000001400231f8     ucrt:api-ms-win-crt-runtime-l1-1-0.dll
 0002:00007200       __imp__initterm            0000000140023200     ucrt:api-ms-win-crt-runtime-l1-1-0.dll
 0002:00007208       __imp__initterm_e          0000000140023208     ucrt:api-ms-win-crt-runtime-l1-1-0.dll
 0002:00007210       __imp__invoke_watson       0000000140023210     ucrt:api-ms-win-crt-runtime-l1-1-0.dll
 0002:00007218       __imp__register_onexit_function 0000000140023218     ucrt:api-ms-win-crt-runtime-l1-1-0.dll
 0002:00007220       __imp__register_thread_local_exe_atexit_callback 0000000140023220     ucrt:api-ms-win-crt-runtime-l1-1-0.dll
 0002:00007228       __imp__seh_filter_exe      0000000140023228     ucrt:api-ms-win-crt-runtime-l1-1-0.dll
 0002:00007230       __imp__set_app_type        0000000140023230     ucrt:api-ms-win-crt-runtime-l1-1-0.dll
 0002:00007238       __imp_exit                 0000000140023238     ucrt:api-ms-win-crt-runtime-l1-1-0.dll
 0002:00007240       __imp_terminate            0000000140023240     ucrt:api-ms-win-crt-runtime-l1-1-0.dll
 0002:00007250       __imp_atoi                 0000000140023250     ucrt:api-ms-win-crt-convert-l1-1-0.dll
 0002:00007260       __imp_rand                 0000000140023260     ucrt:api-ms-win-crt-utility-l1-1-0.dll
 0002:00007270       __imp_strlen               0000000140023270     ucrt:api-ms-win-crt-string-l1-1-0.dll
 0002:00007278       __imp_tolower              0000000140023278     ucrt:api-ms-win-crt-string-l1-1-0.dll
 0002:00007288       __imp___setusermatherr     0000000140023288     ucrt:api-ms-win-crt-math-l1-1-0.dll
 0002:00007298       __imp__callnewh            0000000140023298     ucrt:api-ms-win-crt-heap-l1-1-0.dll
 0002:000072a0       __imp__set_new_mode        00000001400232a0     ucrt:api-ms-win-crt-heap-l1-1-0.dll
 0002:000072a8       __imp_free                 00000001400232a8     ucrt:api-ms-win-crt-heap-l1-1-0.dll
 0002:000072b0       __imp_malloc               00000001400232b0     ucrt:api-ms-win-crt-heap-l1-1-0.dll
 0002:000072c0       __imp__configthreadlocale  00000001400232c0     ucrt:api-ms-win-crt-locale-l1-1-0.dll
 0002:00007b48       __rtc_iaa                  0000000140023b48     msvcrt:initsect.obj
 0002:00007b50       __rtc_izz                  0000000140023b50     msvcrt:initsect.obj
 0002:00007b58       __rtc_taa                  0000000140023b58     msvcrt:initsect.obj
 0002:00007b60       __rtc_tzz                  0000000140023b60     msvcrt:initsect.obj
 0002:00007d80       _TI2?AVbad_alloc@std@@     0000000140023d80     msvcrt:throw_bad_alloc.obj
 0002:00007da0       _CTA2?AVbad_alloc@std@@    0000000140023da0     msvcrt:throw_bad_alloc.obj
 0002:00007db8       _CT??_R0?AVbad_alloc@std@@@8??0bad_alloc@std@@QEAA@AEBV01@@Z24 0000000140023db8     msvcrt:throw_bad_alloc.obj
 0002:00007de0       _CT??_R0?AVexception@std@@@8??0exception@std@@QEAA@AEBV01@@Z24 0000000140023de0     msvcrt:throw_bad_alloc.obj
 0002:00007e08       _TI3?AVbad_array_new_length@std@@ 0000000140023e08     msvcrt:throw_bad_alloc.obj
 0002:00007e28       _CTA3?AVbad_array_new_length@std@@ 0000000140023e28     msvcrt:throw_bad_alloc.obj
 0002:00007e48       _CT??_R0?AVbad_array_new_length@std@@@8??0bad_array_new_length@std@@QEAA@AEBV01@@Z24 0000000140023e48     msvcrt:throw_bad_alloc.obj
 0003:000044a0       ??_R0?AVbad_array_new_length@std@@@8 00000001400284a0     spoofer.obj
 0003:000044d0       ??_R0?AVbad_alloc@std@@@8  00000001400284d0     spoofer.obj
 0003:00004500       ??_R0?AVexception@std@@@8  0000000140028500     spoofer.obj
 0003:00004530       __isa_inverted             0000000140028530     msvcrt:cpu_disp.obj
 0003:00004538       __isa_available            0000000140028538     msvcrt:cpu_disp.obj
 0003:0000453c       __isa_enabled              000000014002853c     msvcrt:cpu_disp.obj
 0003:00004540       __memset_fast_string_threshold 0000000140028540     msvcrt:cpu_disp.obj
 0003:00004548       __memset_nt_threshold      0000000140028548     msvcrt:cpu_disp.obj
 0003:00004580       __security_cookie          0000000140028580     msvcrt:gs_cookie.obj
 0003:000045c0       __security_cookie_complement 00000001400285c0     msvcrt:gs_cookie.obj
 0003:000045c8       _fltused                   00000001400285c8     msvcrt:fltused.obj
 0003:000045cc       __scrt_native_dllmain_reason 00000001400285cc     msvcrt:utility.obj
 0003:000045d0       __scrt_default_matherr     00000001400285d0     msvcrt:matherr.obj
 0003:000045e0       __scrt_ucrt_dll_is_in_use  00000001400285e0     msvcrt:ucrt_stubs.obj
 0003:000045e8       ??_R0?AVtype_info@@@8      00000001400285e8     msvcrt:std_type_info_static.obj
 0003:00004df8       ?_OptionsStorage@?1??__local_stdio_printf_options@@9@4_KA 0000000140028df8     SpooferCleanerMain.obj
 0003:000067e0       __avx10_version            000000014002a7e0     msvcrt:cpu_disp.obj
 0003:000067e4       __favor                    000000014002a7e4     msvcrt:cpu_disp.obj
 0003:00006d60       __scrt_current_native_startup_state 000000014002ad60     msvcrt:utility.obj
 0003:00006d68       __scrt_native_startup_lock 000000014002ad68     msvcrt:utility.obj
 0003:00006db0       ?__type_info_root_node@@3U__type_info_node@@A 000000014002adb0     msvcrt:tncleanup.obj
 0003:00006dc0       ?_OptionsStorage@?1??__local_stdio_scanf_options@@9@4_KA 000000014002adc0     msvcrt:default_local_stdio_options.obj
 0000:00000000       __dyn_tls_init_callback    000000014002add0     <common>
 0000:00000000       __dyn_tls_dtor_callback    000000014002add8     <common>
 0003:00006de0       __scrt_debugger_hook_flag  000000014002ade0     msvcrt:utility_desktop.obj

 entry point at         0001:0001a6b4

 Static symbols

 0000:00000000       __guard_fids__             0000000140000000     msvcrt:std_type_info_static.obj
 0000:00000000       __guard_fids__             0000000140000000     msvcrt:exe_main.obj
 0000:00000000       __guard_fids_?pre_c_initialization@@YAHXZ 0000000140000000     msvcrt:exe_main.obj
 0000:00000000       __guard_ehcont_?__scrt_common_main_seh@@YAHXZ 0000000140000000     msvcrt:exe_main.obj
 0000:00000000       __guard_ehcont___scrt_is_nonwritable_in_current_image 0000000140000000     msvcrt:utility.obj
 0000:00000000       __guard_fids___scrt_set_unhandled_exception_filter 0000000140000000     msvcrt:utility_desktop.obj
 0000:00000000       __guard_fids__             0000000140000000     odbccp32:guard_support.obj
 0000:00000000       __guard_fids__             0000000140000000     odbccp32:guard_support.obj
 0000:00000000       __guard_fids__             0000000140000000     vcruntime:softmemtag.obj
 0000:00000004       __guard_fids__             0000000140000004     msvcrt:exe_main.obj
 0000:00000008       __guard_fids__             0000000140000008     msvcrt:exe_main.obj
 0001:00000fb0       goron_decrypt_string_0     0000000140001fb0 f   SpooferCleanerMain.obj
 0001:00001090       goron_decrypt_string_1     0000000140002090 f   SpooferCleanerMain.obj
 0001:00001180       goron_decrypt_string_2     0000000140002180 f   SpooferCleanerMain.obj
 0001:00001280       goron_decrypt_string_3     0000000140002280 f   SpooferCleanerMain.obj
 0001:00001360       goron_decrypt_string_4     0000000140002360 f   SpooferCleanerMain.obj
 0001:00001460       goron_decrypt_string_5     0000000140002460 f   SpooferCleanerMain.obj
 0001:00001550       goron_decrypt_string_6     0000000140002550 f   SpooferCleanerMain.obj
 0001:00001630       goron_decrypt_string_7     0000000140002630 f   SpooferCleanerMain.obj
 0001:00001720       goron_decrypt_string_8     0000000140002720 f   SpooferCleanerMain.obj
 0001:00001810       goron_decrypt_string_9     0000000140002810 f   SpooferCleanerMain.obj
 0001:00001900       goron_decrypt_string_a     0000000140002900 f   SpooferCleanerMain.obj
 0001:00001a00       goron_decrypt_string_b     0000000140002a00 f   SpooferCleanerMain.obj
 0001:00001af0       goron_decrypt_string_c     0000000140002af0 f   SpooferCleanerMain.obj
 0001:00001be0       goron_decrypt_string_d     0000000140002be0 f   SpooferCleanerMain.obj
 0001:00001ce0       goron_decrypt_string_e     0000000140002ce0 f   SpooferCleanerMain.obj
 0001:00001dc0       goron_decrypt_string_f     0000000140002dc0 f   SpooferCleanerMain.obj
 0001:00001eb0       goron_decrypt_string_10    0000000140002eb0 f   SpooferCleanerMain.obj
 0001:00001fa0       goron_decrypt_string_11    0000000140002fa0 f   SpooferCleanerMain.obj
 0001:00002090       goron_decrypt_string_12    0000000140003090 f   SpooferCleanerMain.obj
 0001:00002190       goron_decrypt_string_13    0000000140003190 f   SpooferCleanerMain.obj
 0001:00002290       goron_decrypt_string_14    0000000140003290 f   SpooferCleanerMain.obj
 0001:00002370       goron_decrypt_string_15    0000000140003370 f   SpooferCleanerMain.obj
 0001:00002460       goron_decrypt_string_16    0000000140003460 f   SpooferCleanerMain.obj
 0001:00002560       goron_decrypt_string_17    0000000140003560 f   SpooferCleanerMain.obj
 0001:00002650       goron_decrypt_string_18    0000000140003650 f   SpooferCleanerMain.obj
 0001:00002730       goron_decrypt_string_19    0000000140003730 f   SpooferCleanerMain.obj
 0001:00002820       goron_decrypt_string_1a    0000000140003820 f   SpooferCleanerMain.obj
 0001:00002910       goron_decrypt_string_1b    0000000140003910 f   SpooferCleanerMain.obj
 0001:00002a10       goron_decrypt_string_1c    0000000140003a10 f   SpooferCleanerMain.obj
 0001:00002b10       goron_decrypt_string_1d    0000000140003b10 f   SpooferCleanerMain.obj
 0001:00002bf0       goron_decrypt_string_1e    0000000140003bf0 f   SpooferCleanerMain.obj
 0001:00002cd0       goron_decrypt_string_1f    0000000140003cd0 f   SpooferCleanerMain.obj
 0001:00002dc0       goron_decrypt_string_20    0000000140003dc0 f   SpooferCleanerMain.obj
 0001:00002ec0       goron_decrypt_string_21    0000000140003ec0 f   SpooferCleanerMain.obj
 0001:00002fb0       goron_decrypt_string_22    0000000140003fb0 f   SpooferCleanerMain.obj
 0001:00003090       goron_decrypt_string_23    0000000140004090 f   SpooferCleanerMain.obj
 0001:00003170       goron_decrypt_string_24    0000000140004170 f   SpooferCleanerMain.obj
 0001:00003260       goron_decrypt_string_25    0000000140004260 f   SpooferCleanerMain.obj
 0001:00003360       goron_decrypt_string_26    0000000140004360 f   SpooferCleanerMain.obj
 0001:00003460       goron_decrypt_string_27    0000000140004460 f   SpooferCleanerMain.obj
 0001:00003560       goron_decrypt_string_28    0000000140004560 f   SpooferCleanerMain.obj
 0001:00003650       goron_decrypt_string_29    0000000140004650 f   SpooferCleanerMain.obj
 0001:00003740       goron_decrypt_string_2a    0000000140004740 f   SpooferCleanerMain.obj
 0001:00003820       goron_decrypt_string_2b    0000000140004820 f   SpooferCleanerMain.obj
 0001:00003920       goron_decrypt_string_2c    0000000140004920 f   SpooferCleanerMain.obj
 0001:00003a10       goron_decrypt_string_2d    0000000140004a10 f   SpooferCleanerMain.obj
 0001:00006720       ?s_con@@YAXPEBD@Z          0000000140007720 f   spoofer.obj
 0001:000067d0       ?s_read_steam_id@@YA_NXZ   00000001400077d0 f   spoofer.obj
 0001:00006ed0       ?runafterspoof@@YAX_N0@Z   0000000140007ed0 f   spoofer.obj
 0001:0000de90       ?s_self_cleanup@@YAXXZ     000000014000ee90 f   spoofer.obj
 0001:0000e0b0       ?SpoofDisk@@YA_NXZ         000000014000f0b0 f   spoofer.obj
 0001:0000e300       ?SpoofMAC@@YA_NXZ          000000014000f300 f   spoofer.obj
 0001:0000e550       ?SpoofGPU@@YA_NXZ          000000014000f550 f   spoofer.obj
 0001:0000e780       ?SpoofSMBIOS@@YA_NXZ       000000014000f780 f   spoofer.obj
 0001:0000e9f0       ?SpoofARP@@YA_NXZ          000000014000f9f0 f   spoofer.obj
 0001:0000ec50       ?SpoofSMBIOSNULL@@YA_NXZ   000000014000fc50 f   spoofer.obj
 0001:0000eea0       ?SpoofTPM@@YA_NXZ          000000014000fea0 f   spoofer.obj
 0001:0000f100       ?SpoofMonitor@@YA_NXZ      0000000140010100 f   spoofer.obj
 0001:0000f360       ?SpoofRegistry@@YA_NXZ     0000000140010360 f   spoofer.obj
 0001:0000fa70       goron_decrypt_string_0     0000000140010a70 f   spoofer.obj
 0001:0000fb60       goron_decrypt_string_1     0000000140010b60 f   spoofer.obj
 0001:0000fc60       goron_decrypt_string_2     0000000140010c60 f   spoofer.obj
 0001:0000fd50       goron_decrypt_string_3     0000000140010d50 f   spoofer.obj
 0001:0000fe30       goron_decrypt_string_4     0000000140010e30 f   spoofer.obj
 0001:0000ff20       goron_decrypt_string_5     0000000140010f20 f   spoofer.obj
 0001:00010010       goron_decrypt_string_6     0000000140011010 f   spoofer.obj
 0001:00010100       goron_decrypt_string_7     0000000140011100 f   spoofer.obj
 0001:000101f0       goron_decrypt_string_8     00000001400111f0 f   spoofer.obj
 0001:000102f0       goron_decrypt_string_9     00000001400112f0 f   spoofer.obj
 0001:000103e0       goron_decrypt_string_a     00000001400113e0 f   spoofer.obj
 0001:000104e0       goron_decrypt_string_b     00000001400114e0 f   spoofer.obj
 0001:000105d0       goron_decrypt_string_c     00000001400115d0 f   spoofer.obj
 0001:000106c0       goron_decrypt_string_d     00000001400116c0 f   spoofer.obj
 0001:000107b0       goron_decrypt_string_e     00000001400117b0 f   spoofer.obj
 0001:000108a0       goron_decrypt_string_f     00000001400118a0 f   spoofer.obj
 0001:00010990       goron_decrypt_string_10    0000000140011990 f   spoofer.obj
 0001:00010a80       goron_decrypt_string_11    0000000140011a80 f   spoofer.obj
 0001:00010b60       goron_decrypt_string_12    0000000140011b60 f   spoofer.obj
 0001:00010c40       goron_decrypt_string_13    0000000140011c40 f   spoofer.obj
 0001:00010d30       goron_decrypt_string_14    0000000140011d30 f   spoofer.obj
 0001:00010e20       goron_decrypt_string_15    0000000140011e20 f   spoofer.obj
 0001:00010f00       goron_decrypt_string_16    0000000140011f00 f   spoofer.obj
 0001:00011000       goron_decrypt_string_17    0000000140012000 f   spoofer.obj
 0001:000110f0       goron_decrypt_string_18    00000001400120f0 f   spoofer.obj
 0001:000111e0       goron_decrypt_string_19    00000001400121e0 f   spoofer.obj
 0001:000112d0       goron_decrypt_string_1a    00000001400122d0 f   spoofer.obj
 0001:000113d0       goron_decrypt_string_1b    00000001400123d0 f   spoofer.obj
 0001:000114b0       goron_decrypt_string_1c    00000001400124b0 f   spoofer.obj
 0001:000115a0       goron_decrypt_string_1d    00000001400125a0 f   spoofer.obj
 0001:00011690       goron_decrypt_string_1e    0000000140012690 f   spoofer.obj
 0001:00011780       goron_decrypt_string_1f    0000000140012780 f   spoofer.obj
 0001:00011880       goron_decrypt_string_20    0000000140012880 f   spoofer.obj
 0001:00011970       goron_decrypt_string_21    0000000140012970 f   spoofer.obj
 0001:00011a70       goron_decrypt_string_22    0000000140012a70 f   spoofer.obj
 0001:00011b50       goron_decrypt_string_23    0000000140012b50 f   spoofer.obj
 0001:00011c50       goron_decrypt_string_24    0000000140012c50 f   spoofer.obj
 0001:00011d40       goron_decrypt_string_25    0000000140012d40 f   spoofer.obj
 0001:00011e40       goron_decrypt_string_26    0000000140012e40 f   spoofer.obj
 0001:00011f40       goron_decrypt_string_27    0000000140012f40 f   spoofer.obj
 0001:00012040       goron_decrypt_string_28    0000000140013040 f   spoofer.obj
 0001:00012120       goron_decrypt_string_29    0000000140013120 f   spoofer.obj
 0001:00012200       goron_decrypt_string_2a    0000000140013200 f   spoofer.obj
 0001:000122e0       goron_decrypt_string_2b    00000001400132e0 f   spoofer.obj
 0001:000123d0       goron_decrypt_string_2c    00000001400133d0 f   spoofer.obj
 0001:000124b0       goron_decrypt_string_2d    00000001400134b0 f   spoofer.obj
 0001:000125a0       goron_decrypt_string_2e    00000001400135a0 f   spoofer.obj
 0001:000126a0       goron_decrypt_string_2f    00000001400136a0 f   spoofer.obj
 0001:00012780       goron_decrypt_string_30    0000000140013780 f   spoofer.obj
 0001:00012870       goron_decrypt_string_31    0000000140013870 f   spoofer.obj
 0001:00012960       goron_decrypt_string_32    0000000140013960 f   spoofer.obj
 0001:00012a50       goron_decrypt_string_33    0000000140013a50 f   spoofer.obj
 0001:00012b50       goron_decrypt_string_34    0000000140013b50 f   spoofer.obj
 0001:00012c40       goron_decrypt_string_35    0000000140013c40 f   spoofer.obj
 0001:00012d30       goron_decrypt_string_36    0000000140013d30 f   spoofer.obj
 0001:00012e20       goron_decrypt_string_37    0000000140013e20 f   spoofer.obj
 0001:00012f10       goron_decrypt_string_38    0000000140013f10 f   spoofer.obj
 0001:00013010       goron_decrypt_string_39    0000000140014010 f   spoofer.obj
 0001:00013110       goron_decrypt_string_3a    0000000140014110 f   spoofer.obj
 0001:00013210       goron_decrypt_string_3b    0000000140014210 f   spoofer.obj
 0001:00013310       goron_decrypt_string_3c    0000000140014310 f   spoofer.obj
 0001:00013400       goron_decrypt_string_3d    0000000140014400 f   spoofer.obj
 0001:00013500       goron_decrypt_string_3e    0000000140014500 f   spoofer.obj
 0001:000135f0       goron_decrypt_string_3f    00000001400145f0 f   spoofer.obj
 0001:000136e0       goron_decrypt_string_40    00000001400146e0 f   spoofer.obj
 0001:000137d0       goron_decrypt_string_41    00000001400147d0 f   spoofer.obj
 0001:000138d0       goron_decrypt_string_42    00000001400148d0 f   spoofer.obj
 0001:000139c0       goron_decrypt_string_43    00000001400149c0 f   spoofer.obj
 0001:00013ab0       goron_decrypt_string_44    0000000140014ab0 f   spoofer.obj
 0001:00013ba0       goron_decrypt_string_45    0000000140014ba0 f   spoofer.obj
 0001:00013c80       goron_decrypt_string_46    0000000140014c80 f   spoofer.obj
 0001:00013d70       goron_decrypt_string_47    0000000140014d70 f   spoofer.obj
 0001:00013e70       goron_decrypt_string_48    0000000140014e70 f   spoofer.obj
 0001:00013f60       goron_decrypt_string_49    0000000140014f60 f   spoofer.obj
 0001:00014040       goron_decrypt_string_4a    0000000140015040 f   spoofer.obj
 0001:00014140       goron_decrypt_string_4b    0000000140015140 f   spoofer.obj
 0001:00014220       goron_decrypt_string_4c    0000000140015220 f   spoofer.obj
 0001:00014310       goron_decrypt_string_4d    0000000140015310 f   spoofer.obj
 0001:00014410       goron_decrypt_string_4e    0000000140015410 f   spoofer.obj
 0001:00014510       goron_decrypt_string_4f    0000000140015510 f   spoofer.obj
 0001:000145f0       goron_decrypt_string_50    00000001400155f0 f   spoofer.obj
 0001:000146e0       goron_decrypt_string_51    00000001400156e0 f   spoofer.obj
 0001:000147d0       goron_decrypt_string_52    00000001400157d0 f   spoofer.obj
 0001:000148b0       goron_decrypt_string_53    00000001400158b0 f   spoofer.obj
 0001:00014990       goron_decrypt_string_54    0000000140015990 f   spoofer.obj
 0001:00014a90       goron_decrypt_string_55    0000000140015a90 f   spoofer.obj
 0001:00014b70       goron_decrypt_string_56    0000000140015b70 f   spoofer.obj
 0001:00014c60       goron_decrypt_string_57    0000000140015c60 f   spoofer.obj
 0001:00014d50       goron_decrypt_string_58    0000000140015d50 f   spoofer.obj
 0001:00014e30       goron_decrypt_string_59    0000000140015e30 f   spoofer.obj
 0001:00014f30       goron_decrypt_string_5a    0000000140015f30 f   spoofer.obj
 0001:00015020       goron_decrypt_string_5b    0000000140016020 f   spoofer.obj
 0001:00015110       goron_decrypt_string_5c    0000000140016110 f   spoofer.obj
 0001:00015210       goron_decrypt_string_5d    0000000140016210 f   spoofer.obj
 0001:00015300       goron_decrypt_string_5e    0000000140016300 f   spoofer.obj
 0001:000153f0       goron_decrypt_string_5f    00000001400163f0 f   spoofer.obj
 0001:000154e0       goron_decrypt_string_60    00000001400164e0 f   spoofer.obj
 0001:000155e0       goron_decrypt_string_61    00000001400165e0 f   spoofer.obj
 0001:000156c0       goron_decrypt_string_62    00000001400166c0 f   spoofer.obj
 0001:000157b0       goron_decrypt_string_63    00000001400167b0 f   spoofer.obj
 0001:000158a0       goron_decrypt_string_64    00000001400168a0 f   spoofer.obj
 0001:00015990       goron_decrypt_string_65    0000000140016990 f   spoofer.obj
 0001:00015a80       goron_decrypt_string_66    0000000140016a80 f   spoofer.obj
 0001:00015b60       goron_decrypt_string_67    0000000140016b60 f   spoofer.obj
 0001:00015c60       goron_decrypt_string_68    0000000140016c60 f   spoofer.obj
 0001:00015d50       goron_decrypt_string_69    0000000140016d50 f   spoofer.obj
 0001:00015e40       goron_decrypt_string_6a    0000000140016e40 f   spoofer.obj
 0001:00015f30       goron_decrypt_string_6b    0000000140016f30 f   spoofer.obj
 0001:00016010       goron_decrypt_string_6c    0000000140017010 f   spoofer.obj
 0001:00016110       goron_decrypt_string_6d    0000000140017110 f   spoofer.obj
 0001:00016200       goron_decrypt_string_6e    0000000140017200 f   spoofer.obj
 0001:00016300       goron_decrypt_string_6f    0000000140017300 f   spoofer.obj
 0001:000163f0       goron_decrypt_string_70    00000001400173f0 f   spoofer.obj
 0001:000164e0       goron_decrypt_string_71    00000001400174e0 f   spoofer.obj
 0001:000165d0       goron_decrypt_string_72    00000001400175d0 f   spoofer.obj
 0001:000166c0       goron_decrypt_string_73    00000001400176c0 f   spoofer.obj
 0001:000167a0       goron_decrypt_string_74    00000001400177a0 f   spoofer.obj
 0001:00016890       goron_decrypt_string_75    0000000140017890 f   spoofer.obj
 0001:00016980       goron_decrypt_string_76    0000000140017980 f   spoofer.obj
 0001:00016a70       goron_decrypt_string_77    0000000140017a70 f   spoofer.obj
 0001:00016b60       goron_decrypt_string_78    0000000140017b60 f   spoofer.obj
 0001:00016c50       goron_decrypt_string_79    0000000140017c50 f   spoofer.obj
 0001:00016d40       goron_decrypt_string_7a    0000000140017d40 f   spoofer.obj
 0001:00016e20       goron_decrypt_string_7b    0000000140017e20 f   spoofer.obj
 0001:00016f10       goron_decrypt_string_7c    0000000140017f10 f   spoofer.obj
 0001:00017010       goron_decrypt_string_7d    0000000140018010 f   spoofer.obj
 0001:00017100       goron_decrypt_string_7e    0000000140018100 f   spoofer.obj
 0001:000171e0       goron_decrypt_string_7f    00000001400181e0 f   spoofer.obj
 0001:000172e0       goron_decrypt_string_80    00000001400182e0 f   spoofer.obj
 0001:000173d0       goron_decrypt_string_81    00000001400183d0 f   spoofer.obj
 0001:000174b0       goron_decrypt_string_82    00000001400184b0 f   spoofer.obj
 0001:000175a0       goron_decrypt_string_83    00000001400185a0 f   spoofer.obj
 0001:00017680       goron_decrypt_string_84    0000000140018680 f   spoofer.obj
 0001:00017760       goron_decrypt_string_85    0000000140018760 f   spoofer.obj
 0001:00017850       goron_decrypt_string_86    0000000140018850 f   spoofer.obj
 0001:00017950       goron_decrypt_string_87    0000000140018950 f   spoofer.obj
 0001:00017a40       goron_decrypt_string_88    0000000140018a40 f   spoofer.obj
 0001:00017b40       goron_decrypt_string_89    0000000140018b40 f   spoofer.obj
 0001:00017c30       goron_decrypt_string_8a    0000000140018c30 f   spoofer.obj
 0001:00017d20       goron_decrypt_string_8b    0000000140018d20 f   spoofer.obj
 0001:00017e10       goron_decrypt_string_8c    0000000140018e10 f   spoofer.obj
 0001:00017f10       goron_decrypt_string_8d    0000000140018f10 f   spoofer.obj
 0001:00018000       goron_decrypt_string_8e    0000000140019000 f   spoofer.obj
 0001:000180f0       goron_decrypt_string_8f    00000001400190f0 f   spoofer.obj
 0001:000181d0       goron_decrypt_string_90    00000001400191d0 f   spoofer.obj
 0001:000182d0       goron_decrypt_string_91    00000001400192d0 f   spoofer.obj
 0001:000183c0       goron_decrypt_string_92    00000001400193c0 f   spoofer.obj
 0001:000184b0       goron_decrypt_string_93    00000001400194b0 f   spoofer.obj
 0001:00018590       goron_decrypt_string_94    0000000140019590 f   spoofer.obj
 0001:00018690       goron_decrypt_string_95    0000000140019690 f   spoofer.obj
 0001:00018790       goron_decrypt_string_96    0000000140019790 f   spoofer.obj
 0001:00018890       goron_decrypt_string_97    0000000140019890 f   spoofer.obj
 0001:00018980       goron_decrypt_string_98    0000000140019980 f   spoofer.obj
 0001:00018a70       goron_decrypt_string_99    0000000140019a70 f   spoofer.obj
 0001:00018b70       goron_decrypt_string_9a    0000000140019b70 f   spoofer.obj
 0001:00018c60       goron_decrypt_string_9b    0000000140019c60 f   spoofer.obj
 0001:00018d40       goron_decrypt_string_9c    0000000140019d40 f   spoofer.obj
 0001:00018e30       goron_decrypt_string_9d    0000000140019e30 f   spoofer.obj
 0001:00018f10       goron_decrypt_string_9e    0000000140019f10 f   spoofer.obj
 0001:00018ff0       goron_decrypt_string_9f    0000000140019ff0 f   spoofer.obj
 0001:000190e0       goron_decrypt_string_a0    000000014001a0e0 f   spoofer.obj
 0001:000191e0       goron_decrypt_string_a1    000000014001a1e0 f   spoofer.obj
 0001:000192d0       goron_decrypt_string_a2    000000014001a2d0 f   spoofer.obj
 0001:000193d0       goron_decrypt_string_a3    000000014001a3d0 f   spoofer.obj
 0001:000194c0       goron_decrypt_string_a4    000000014001a4c0 f   spoofer.obj
 0001:000195a0       goron_decrypt_string_a5    000000014001a5a0 f   spoofer.obj
 0001:000196a0       goron_decrypt_string_a6    000000014001a6a0 f   spoofer.obj
 0001:000197a0       goron_decrypt_string_a7    000000014001a7a0 f   spoofer.obj
 0001:00019890       __global_variable_initializer___const.?RunSpoofer@@YA_NXZ.cmds 000000014001a890 f   spoofer.obj
 0001:00019ae0       $$000000                   000000014001aae0     msvcrt:chkstk.obj
 0001:00019b40       ??$__std_find_trivial_impl@U_Find_traits_1@?A0x8417fefe@@E@?A0x8417fefe@@YAPEBXPEBX0E@Z 000000014001ab40 f   msvcprt:vector_algorithms.obj
 0001:00019c50       ??$__std_search_impl@U_Find_traits_1@?A0x8417fefe@@E@?A0x8417fefe@@YAPEBXPEBXQEBX1_K@Z 000000014001ac50 f   msvcprt:vector_algorithms.obj
 0001:0001a010       $$000000                   000000014001b010     msvcrt:amdsecgs.obj
 0001:0001a3ac       capture_previous_context   000000014001b3ac f   msvcrt:gs_report.obj
 0001:0001a454       ?pre_c_initialization@@YAHXZ 000000014001b454 f   msvcrt:exe_main.obj
 0001:0001a50c       ?post_pgo_initialization@@YAHXZ 000000014001b50c f   msvcrt:exe_main.obj
 0001:0001a51c       ?pre_cpp_initialization@@YAXXZ 000000014001b51c f   msvcrt:exe_main.obj
 0001:0001a538       ?__scrt_common_main_seh@@YAHXZ 000000014001b538 f   msvcrt:exe_main.obj
 0001:0001ad00       $$000000                   000000014001bd00     odbccp32:guard_dispatch.obj
 0001:0001ad20       $$000000                   000000014001bd20     odbccp32:guard_xfg_dispatch.obj
 0001:0001ad26       ?filt$0@?0??__scrt_common_main_seh@@YAHXZ@4HA 000000014001bd26 f   msvcrt:exe_main.obj
 0001:0001ad44       __scrt_is_nonwritable_in_current_image$filt$0 000000014001bd44 f   msvcrt:utility.obj
 0002:000042a0       ?_Remove_tables_1_sse@?A0x8417fefe@@3U?$_Remove_tables@$0BAA@$07@1@B 00000001400202a0     msvcprt:vector_algorithms.obj
 0002:00004ba0       ?_Remove_tables_2_sse@?A0x8417fefe@@3U?$_Remove_tables@$0BAA@$0BA@@1@B 0000000140020ba0     msvcprt:vector_algorithms.obj
 0002:00005ca0       ?_Remove_tables_4_sse@?A0x8417fefe@@3U?$_Remove_tables@$0BA@$0BA@@1@B 0000000140021ca0     msvcprt:vector_algorithms.obj
 0002:00005db0       ?_Remove_tables_4_avx@?A0x8417fefe@@3U?$_Remove_tables@$0BAA@$07@1@B 0000000140021db0     msvcprt:vector_algorithms.obj
 0002:000066b0       ?_Remove_tables_8_sse@?A0x8417fefe@@3U?$_Remove_tables@$03$0BA@@1@B 00000001400226b0     msvcprt:vector_algorithms.obj
 0002:00006700       ?_Remove_tables_8_avx@?A0x8417fefe@@3U?$_Remove_tables@$0BA@$07@1@B 0000000140022700     msvcprt:vector_algorithms.obj
 0002:00006790       ?_Tail_masks@?1??_Avx2_tail_mask_32@?A0x8417fefe@@YA?AT__m256i@@_K@Z@4QBIB 0000000140022790     msvcprt:vector_algorithms.obj
 0002:000067e0       GS_ExceptionPointers       00000001400227e0     msvcrt:gs_report.obj
 0002:00006a20       ?pre_cpp_initializer@@3P6AXXZEA 0000000140022a20     msvcrt:exe_main.obj
 0002:00006a38       ?pre_c_initializer@@3P6AHXZEA 0000000140022a38     msvcrt:exe_main.obj
 0002:00006a40       ?post_pgo_initializer@@3P6AHXZEA 0000000140022a40     msvcrt:exe_main.obj
 0002:00007c30       $unwind$??2@YAPEAX_K@Z     0000000140023c30     msvcrt:new_scalar.obj
 0002:00007c30       $unwind$??_Gtype_info@@UEAAPEAXI@Z 0000000140023c30     msvcrt:std_type_info_static.obj
 0002:00007c30       $unwind$??0exception@std@@QEAA@AEBV01@@Z 0000000140023c30     msvcrt:throw_bad_alloc.obj
 0002:00007c30       $unwind$??0bad_alloc@std@@QEAA@AEBV01@@Z 0000000140023c30     msvcrt:throw_bad_alloc.obj
 0002:00007c30       $unwind$??0bad_array_new_length@std@@QEAA@AEBV01@@Z 0000000140023c30     msvcrt:throw_bad_alloc.obj
 0002:00007c30       $unwind$__raise_securityfailure 0000000140023c30     msvcrt:gs_report.obj
 0002:00007c30       $unwind$?pre_c_initialization@@YAHXZ 0000000140023c30     msvcrt:exe_main.obj
 0002:00007c30       $unwind$_onexit            0000000140023c30     msvcrt:utility.obj
 0002:00007c30       $unwind$__scrt_release_startup_lock 0000000140023c30     msvcrt:utility.obj
 0002:00007c30       $unwind$__scrt_uninitialize_crt 0000000140023c30     msvcrt:utility.obj
 0002:00007c30       $unwind$__scrt_initialize_onexit_tables 0000000140023c30     msvcrt:utility.obj
 0002:00007c38       $xdatasym                  0000000140023c38     msvcrt:chkstk.obj
 0002:00007c40       $unwind$??$__std_search_impl@U_Find_traits_1@?A0x8417fefe@@E@?A0x8417fefe@@YAPEBXPEBXQEBX1_K@Z 0000000140023c40     msvcprt:vector_algorithms.obj
 0002:00007c54       $chain$2$??$__std_search_impl@U_Find_traits_1@?A0x8417fefe@@E@?A0x8417fefe@@YAPEBXPEBXQEBX1_K@Z 0000000140023c54     msvcprt:vector_algorithms.obj
 0002:00007c70       $chain$3$??$__std_search_impl@U_Find_traits_1@?A0x8417fefe@@E@?A0x8417fefe@@YAPEBXPEBXQEBX1_K@Z 0000000140023c70     msvcprt:vector_algorithms.obj
 0002:00007c80       $chain$4$??$__std_search_impl@U_Find_traits_1@?A0x8417fefe@@E@?A0x8417fefe@@YAPEBXPEBXQEBX1_K@Z 0000000140023c80     msvcprt:vector_algorithms.obj
 0002:00007c9c       $unwind$?__scrt_throw_std_bad_alloc@@YAXXZ 0000000140023c9c     msvcrt:throw_bad_alloc.obj
 0002:00007c9c       $unwind$?__scrt_throw_std_bad_array_new_length@@YAXXZ 0000000140023c9c     msvcrt:throw_bad_alloc.obj
 0002:00007ca4       $unwind$__GSHandlerCheckCommon 0000000140023ca4     msvcrt:gshandler.obj
 0002:00007cb0       $xdatasym                  0000000140023cb0     msvcrt:amdsecgs.obj
 0002:00007cb4       $unwind$__isa_available_init 0000000140023cb4     msvcrt:cpu_disp.obj
 0002:00007cc8       $unwind$__report_gsfailure 0000000140023cc8     msvcrt:gs_report.obj
 0002:00007cd0       $unwind$capture_previous_context 0000000140023cd0     msvcrt:gs_report.obj
 0002:00007cdc       $unwind$?__scrt_common_main_seh@@YAHXZ 0000000140023cdc     msvcrt:exe_main.obj
 0002:00007d14       $unwind$?filt$0@?0??__scrt_common_main_seh@@YAHXZ@4HA 0000000140023d14     msvcrt:exe_main.obj
 0002:00007d1c       $unwind$__GSHandlerCheck   0000000140023d1c     msvcrt:gshandler.obj
 0002:00007d1c       $unwind$?post_pgo_initialization@@YAHXZ 0000000140023d1c     msvcrt:exe_main.obj
 0002:00007d1c       $unwind$?pre_cpp_initialization@@YAXXZ 0000000140023d1c     msvcrt:exe_main.obj
 0002:00007d1c       $unwind$mainCRTStartup     0000000140023d1c     msvcrt:exe_main.obj
 0002:00007d1c       $unwind$atexit             0000000140023d1c     msvcrt:utility.obj
 0002:00007d1c       $unwind$__scrt_acquire_startup_lock 0000000140023d1c     msvcrt:utility.obj
 0002:00007d1c       $unwind$__scrt_initialize_crt 0000000140023d1c     msvcrt:utility.obj
 0002:00007d1c       $unwind$__scrt_initialize_default_local_stdio_options 0000000140023d1c     msvcrt:default_local_stdio_options.obj
 0002:00007d1c       $unwind$__scrt_is_managed_app 0000000140023d1c     msvcrt:utility_desktop.obj
 0002:00007d24       $unwind$__scrt_is_nonwritable_in_current_image 0000000140023d24     msvcrt:utility.obj
 0002:00007d44       $unwind$__scrt_is_nonwritable_in_current_image$filt$0 0000000140023d44     msvcrt:utility.obj
 0002:00007d4c       $unwind$__security_init_cookie 0000000140023d4c     msvcrt:gs_support.obj
 0002:00007d58       $unwind$__scrt_fastfail    0000000140023d58     msvcrt:utility_desktop.obj
 0002:00007d68       $unwind$__scrt_unhandled_exception_filter 0000000140023d68     msvcrt:utility_desktop.obj
 0002:00007d68       $unwind$_RTC_Initialize    0000000140023d68     msvcrt:initsect.obj
 0002:00007d68       $unwind$_RTC_Terminate     0000000140023d68     msvcrt:initsect.obj
 0002:00007d78       $xdatasym$_guard_dispatch_icall_nop 0000000140023d78     odbccp32:guard_dispatch.obj
 0002:00007d78       $xdatasym                  0000000140023d78     odbccp32:guard_dispatch.obj
 0002:00007d78       $xdatasym$_guard_xfg_dispatch_icall_nop 0000000140023d78     odbccp32:guard_xfg_dispatch.obj
 0002:00007d80       $xdatasym                  0000000140023d80     odbccp32:guard_xfg_dispatch.obj
 0003:000009e0       s_hDrv                     00000001400249e0     spoofer.obj
 0003:000009e8       s_log                      00000001400249e8     spoofer.obj
 0003:00004e00       s_status                   0000000140028e00     spoofer.obj
 0003:00004e20       s_seedPath                 0000000140028e20     spoofer.obj
 0003:00004f30       s_logPath                  0000000140028f30     spoofer.obj
 0003:00005040       s_sid                      0000000140029040     spoofer.obj
 0003:00005080       s_seed                     0000000140029080     spoofer.obj
 0003:000067f0       GS_ExceptionRecord         000000014002a7f0     msvcrt:gs_report.obj
 0003:00006890       GS_ContextRecord           000000014002a890     msvcrt:gs_report.obj
 0003:00006d70       ?is_initialized_as_dll@@3_NA 000000014002ad70     msvcrt:utility.obj
 0003:00006d71       ?module_local_atexit_table_initialized@@3_NA 000000014002ad71     msvcrt:utility.obj
 0003:00006d78       ?module_local_atexit_table@@3U_onexit_table_t@@A 000000014002ad78     msvcrt:utility.obj
 0003:00006d90       ?module_local_at_quick_exit_table@@3U_onexit_table_t@@A 000000014002ad90     msvcrt:utility.obj
 0004:00000b28       $pdata$??2@YAPEAX_K@Z      000000014002bb28     msvcrt:new_scalar.obj
 0004:00000b34       $pdata$??_Gtype_info@@UEAAPEAXI@Z 000000014002bb34     msvcrt:std_type_info_static.obj
 0004:00000b4c       $pdata$??$__std_search_impl@U_Find_traits_1@?A0x8417fefe@@E@?A0x8417fefe@@YAPEBXPEBXQEBX1_K@Z 000000014002bb4c     msvcprt:vector_algorithms.obj
 0004:00000b58       $pdata$2$??$__std_search_impl@U_Find_traits_1@?A0x8417fefe@@E@?A0x8417fefe@@YAPEBXPEBXQEBX1_K@Z 000000014002bb58     msvcprt:vector_algorithms.obj
 0004:00000b64       $pdata$3$??$__std_search_impl@U_Find_traits_1@?A0x8417fefe@@E@?A0x8417fefe@@YAPEBXPEBXQEBX1_K@Z 000000014002bb64     msvcprt:vector_algorithms.obj
 0004:00000b70       $pdata$4$??$__std_search_impl@U_Find_traits_1@?A0x8417fefe@@E@?A0x8417fefe@@YAPEBXPEBXQEBX1_K@Z 000000014002bb70     msvcprt:vector_algorithms.obj
 0004:00000b7c       $pdata$??0exception@std@@QEAA@AEBV01@@Z 000000014002bb7c     msvcrt:throw_bad_alloc.obj
 0004:00000b88       $pdata$??0bad_alloc@std@@QEAA@AEBV01@@Z 000000014002bb88     msvcrt:throw_bad_alloc.obj
 0004:00000b94       $pdata$??0bad_array_new_length@std@@QEAA@AEBV01@@Z 000000014002bb94     msvcrt:throw_bad_alloc.obj
 0004:00000ba0       $pdata$?__scrt_throw_std_bad_alloc@@YAXXZ 000000014002bba0     msvcrt:throw_bad_alloc.obj
 0004:00000bac       $pdata$?__scrt_throw_std_bad_array_new_length@@YAXXZ 000000014002bbac     msvcrt:throw_bad_alloc.obj
 0004:00000bb8       $pdata$__GSHandlerCheckCommon 000000014002bbb8     msvcrt:gshandler.obj
 0004:00000bc4       $pdata$__GSHandlerCheck    000000014002bbc4     msvcrt:gshandler.obj
 0004:00000bdc       $pdata$__isa_available_init 000000014002bbdc     msvcrt:cpu_disp.obj
 0004:00000be8       $pdata$__report_gsfailure  000000014002bbe8     msvcrt:gs_report.obj
 0004:00000bf4       $pdata$capture_previous_context 000000014002bbf4     msvcrt:gs_report.obj
 0004:00000c00       $pdata$__raise_securityfailure 000000014002bc00     msvcrt:gs_report.obj
 0004:00000c0c       $pdata$?pre_c_initialization@@YAHXZ 000000014002bc0c     msvcrt:exe_main.obj
 0004:00000c18       $pdata$?post_pgo_initialization@@YAHXZ 000000014002bc18     msvcrt:exe_main.obj
 0004:00000c24       $pdata$?pre_cpp_initialization@@YAXXZ 000000014002bc24     msvcrt:exe_main.obj
 0004:00000c30       $pdata$?__scrt_common_main_seh@@YAHXZ 000000014002bc30     msvcrt:exe_main.obj
 0004:00000c3c       $pdata$?filt$0@?0??__scrt_common_main_seh@@YAHXZ@4HA 000000014002bc3c     msvcrt:exe_main.obj
 0004:00000c48       $pdata$mainCRTStartup      000000014002bc48     msvcrt:exe_main.obj
 0004:00000c54       $pdata$atexit              000000014002bc54     msvcrt:utility.obj
 0004:00000c60       $pdata$_onexit             000000014002bc60     msvcrt:utility.obj
 0004:00000c6c       $pdata$__scrt_is_nonwritable_in_current_image 000000014002bc6c     msvcrt:utility.obj
 0004:00000c78       $pdata$__scrt_is_nonwritable_in_current_image$filt$0 000000014002bc78     msvcrt:utility.obj
 0004:00000c84       $pdata$__scrt_acquire_startup_lock 000000014002bc84     msvcrt:utility.obj
 0004:00000c90       $pdata$__scrt_release_startup_lock 000000014002bc90     msvcrt:utility.obj
 0004:00000c9c       $pdata$__scrt_initialize_crt 000000014002bc9c     msvcrt:utility.obj
 0004:00000ca8       $pdata$__scrt_uninitialize_crt 000000014002bca8     msvcrt:utility.obj
 0004:00000cb4       $pdata$__scrt_initialize_onexit_tables 000000014002bcb4     msvcrt:utility.obj
 0004:00000cc0       $pdata$__security_init_cookie 000000014002bcc0     msvcrt:gs_support.obj
 0004:00000ccc       $pdata$__scrt_initialize_default_local_stdio_options 000000014002bccc     msvcrt:default_local_stdio_options.obj
 0004:00000cd8       $pdata$__scrt_is_managed_app 000000014002bcd8     msvcrt:utility_desktop.obj
 0004:00000ce4       $pdata$__scrt_fastfail     000000014002bce4     msvcrt:utility_desktop.obj
 0004:00000cf0       $pdata$__scrt_unhandled_exception_filter 000000014002bcf0     msvcrt:utility_desktop.obj
 0004:00000cfc       $pdata$_RTC_Initialize     000000014002bcfc     msvcrt:initsect.obj
 0004:00000d08       $pdata$_RTC_Terminate      000000014002bd08     msvcrt:initsect.obj
 0005:00000060       $R000000                   000000014002c060     internal .obj file created from .res files
